Archive member included to satisfy reference by file (symbol)

c:/program files (x86)/atmel/studio/7.0/toolchain/arm/arm-gnu-toolchain/bin/../lib/gcc/arm-none-eabi/6.3.1/../../../../arm-none-eabi/lib/thumb/v6-m\libm.a(lib_a-s_modf.o)
                              accsdk_copy/src/json/json.o (modf)
c:/program files (x86)/atmel/studio/7.0/toolchain/arm/arm-gnu-toolchain/bin/../lib/gcc/arm-none-eabi/6.3.1/thumb/v6-m\libgcc.a(_udivsi3.o)
                              accsdk_copy/src/data/static_buf.o (__aeabi_uidiv)
c:/program files (x86)/atmel/studio/7.0/toolchain/arm/arm-gnu-toolchain/bin/../lib/gcc/arm-none-eabi/6.3.1/thumb/v6-m\libgcc.a(_divsi3.o)
                              accsdk_copy/src/mqtt/client/src/network.o (__aeabi_idiv)
c:/program files (x86)/atmel/studio/7.0/toolchain/arm/arm-gnu-toolchain/bin/../lib/gcc/arm-none-eabi/6.3.1/thumb/v6-m\libgcc.a(_dvmd_tls.o)
                              c:/program files (x86)/atmel/studio/7.0/toolchain/arm/arm-gnu-toolchain/bin/../lib/gcc/arm-none-eabi/6.3.1/thumb/v6-m\libgcc.a(_udivsi3.o) (__aeabi_idiv0)
c:/program files (x86)/atmel/studio/7.0/toolchain/arm/arm-gnu-toolchain/bin/../lib/gcc/arm-none-eabi/6.3.1/thumb/v6-m\libgcc.a(_arm_cmpdf2.o)
                              accsdk_copy/src/json/json.o (__aeabi_dcmplt)
c:/program files (x86)/atmel/studio/7.0/toolchain/arm/arm-gnu-toolchain/bin/../lib/gcc/arm-none-eabi/6.3.1/thumb/v6-m\libgcc.a(_aeabi_uldivmod.o)
                              hpl/sercom/hpl_sercom.o (__aeabi_uldivmod)
c:/program files (x86)/atmel/studio/7.0/toolchain/arm/arm-gnu-toolchain/bin/../lib/gcc/arm-none-eabi/6.3.1/thumb/v6-m\libgcc.a(_muldi3.o)
                              hpl/sercom/hpl_sercom.o (__aeabi_lmul)
c:/program files (x86)/atmel/studio/7.0/toolchain/arm/arm-gnu-toolchain/bin/../lib/gcc/arm-none-eabi/6.3.1/thumb/v6-m\libgcc.a(_fixunsdfsi.o)
                              hpl/sercom/hpl_sercom.o (__aeabi_d2uiz)
c:/program files (x86)/atmel/studio/7.0/toolchain/arm/arm-gnu-toolchain/bin/../lib/gcc/arm-none-eabi/6.3.1/thumb/v6-m\libgcc.a(_udivmoddi4.o)
                              c:/program files (x86)/atmel/studio/7.0/toolchain/arm/arm-gnu-toolchain/bin/../lib/gcc/arm-none-eabi/6.3.1/thumb/v6-m\libgcc.a(_aeabi_uldivmod.o) (__udivmoddi4)
c:/program files (x86)/atmel/studio/7.0/toolchain/arm/arm-gnu-toolchain/bin/../lib/gcc/arm-none-eabi/6.3.1/thumb/v6-m\libgcc.a(divdf3.o)
                              hpl/sercom/hpl_sercom.o (__aeabi_ddiv)
c:/program files (x86)/atmel/studio/7.0/toolchain/arm/arm-gnu-toolchain/bin/../lib/gcc/arm-none-eabi/6.3.1/thumb/v6-m\libgcc.a(eqdf2.o)
                              c:/program files (x86)/atmel/studio/7.0/toolchain/arm/arm-gnu-toolchain/bin/../lib/gcc/arm-none-eabi/6.3.1/thumb/v6-m\libgcc.a(_arm_cmpdf2.o) (__eqdf2)
c:/program files (x86)/atmel/studio/7.0/toolchain/arm/arm-gnu-toolchain/bin/../lib/gcc/arm-none-eabi/6.3.1/thumb/v6-m\libgcc.a(gedf2.o)
                              c:/program files (x86)/atmel/studio/7.0/toolchain/arm/arm-gnu-toolchain/bin/../lib/gcc/arm-none-eabi/6.3.1/thumb/v6-m\libgcc.a(_arm_cmpdf2.o) (__gedf2)
c:/program files (x86)/atmel/studio/7.0/toolchain/arm/arm-gnu-toolchain/bin/../lib/gcc/arm-none-eabi/6.3.1/thumb/v6-m\libgcc.a(ledf2.o)
                              c:/program files (x86)/atmel/studio/7.0/toolchain/arm/arm-gnu-toolchain/bin/../lib/gcc/arm-none-eabi/6.3.1/thumb/v6-m\libgcc.a(_arm_cmpdf2.o) (__ledf2)
c:/program files (x86)/atmel/studio/7.0/toolchain/arm/arm-gnu-toolchain/bin/../lib/gcc/arm-none-eabi/6.3.1/thumb/v6-m\libgcc.a(muldf3.o)
                              accsdk_copy/src/json/json.o (__aeabi_dmul)
c:/program files (x86)/atmel/studio/7.0/toolchain/arm/arm-gnu-toolchain/bin/../lib/gcc/arm-none-eabi/6.3.1/thumb/v6-m\libgcc.a(subdf3.o)
                              hpl/sercom/hpl_sercom.o (__aeabi_dsub)
c:/program files (x86)/atmel/studio/7.0/toolchain/arm/arm-gnu-toolchain/bin/../lib/gcc/arm-none-eabi/6.3.1/thumb/v6-m\libgcc.a(fixdfsi.o)
                              accsdk_copy/src/arrow/api/json/parse.o (__aeabi_d2iz)
c:/program files (x86)/atmel/studio/7.0/toolchain/arm/arm-gnu-toolchain/bin/../lib/gcc/arm-none-eabi/6.3.1/thumb/v6-m\libgcc.a(floatsidf.o)
                              accsdk_copy/src/arrow/api/device/action.o (__aeabi_i2d)
c:/program files (x86)/atmel/studio/7.0/toolchain/arm/arm-gnu-toolchain/bin/../lib/gcc/arm-none-eabi/6.3.1/thumb/v6-m\libgcc.a(floatunsidf.o)
                              hpl/sercom/hpl_sercom.o (__aeabi_ui2d)
c:/program files (x86)/atmel/studio/7.0/toolchain/arm/arm-gnu-toolchain/bin/../lib/gcc/arm-none-eabi/6.3.1/thumb/v6-m\libgcc.a(_clzsi2.o)
                              c:/program files (x86)/atmel/studio/7.0/toolchain/arm/arm-gnu-toolchain/bin/../lib/gcc/arm-none-eabi/6.3.1/thumb/v6-m\libgcc.a(divdf3.o) (__clzsi2)
c:/program files (x86)/atmel/studio/7.0/toolchain/arm/arm-gnu-toolchain/bin/../lib/gcc/arm-none-eabi/6.3.1/thumb/v6-m\libgcc.a(_clzdi2.o)
[...]
Memory Configuration

Name             Origin             Length             Attributes
rom              0x00000000         0x00040000         xr
ram              0x20000000         0x00008000         xrw
*default*        0x00000000         0xffffffff

Linker script and memory map

LOAD c:/program files (x86)/atmel/studio/7.0/toolchain/arm/arm-gnu-toolchain/bin/../lib/gcc/arm-none-eabi/6.3.1/thumb/v6-m/crti.o
LOAD c:/program files (x86)/atmel/studio/7.0/toolchain/arm/arm-gnu-toolchain/bin/../lib/gcc/arm-none-eabi/6.3.1/thumb/v6-m/crtbegin.o
LOAD c:/program files (x86)/atmel/studio/7.0/toolchain/arm/arm-gnu-toolchain/bin/../lib/gcc/arm-none-eabi/6.3.1/../../../../arm-none-eabi/lib/thumb/v6-m/crt0.o
LOAD accsdk_copy/src/arrow/account.o
LOAD accsdk_copy/src/arrow/api/device/action.o
LOAD accsdk_copy/src/arrow/api/device/device.o
LOAD accsdk_copy/src/arrow/api/device/event.o
LOAD accsdk_copy/src/arrow/api/device/info.o
LOAD accsdk_copy/src/arrow/api/device/type.o
LOAD accsdk_copy/src/arrow/api/gateway/gateway.o
LOAD accsdk_copy/src/arrow/api/gateway/info.o
LOAD accsdk_copy/src/arrow/api/json/parse.o
LOAD accsdk_copy/src/arrow/api/log.o
LOAD accsdk_copy/src/arrow/credentials.o
LOAD accsdk_copy/src/arrow/device.o
LOAD accsdk_copy/src/arrow/device_command.o
LOAD accsdk_copy/src/arrow/device_startstop.o
LOAD accsdk_copy/src/arrow/events.o
LOAD accsdk_copy/src/arrow/gateway.o
LOAD accsdk_copy/src/arrow/gateway_payload_sign.o
LOAD accsdk_copy/src/arrow/mqtt.o
LOAD accsdk_copy/src/arrow/mqtt/acn.o
LOAD accsdk_copy/src/arrow/mqtt/azure.o
LOAD accsdk_copy/src/arrow/mqtt/ibm.o
LOAD accsdk_copy/src/arrow/node.o
LOAD accsdk_copy/src/arrow/node_type.o
LOAD accsdk_copy/src/arrow/routine.o
LOAD accsdk_copy/src/arrow/sign.o
LOAD accsdk_copy/src/arrow/software_release.o
LOAD accsdk_copy/src/arrow/software_update.o
LOAD accsdk_copy/src/arrow/state.o
LOAD accsdk_copy/src/arrow/telemetry_api.o
LOAD accsdk_copy/src/arrow/testsuite.o
LOAD accsdk_copy/src/arrow/utf8.o
LOAD accsdk_copy/src/bsd/inet.o
LOAD accsdk_copy/src/data/dllist.o
LOAD accsdk_copy/src/data/find_by.o
LOAD accsdk_copy/src/data/linkedlist.o
LOAD accsdk_copy/src/data/property.o
LOAD accsdk_copy/src/data/property_const.o
LOAD accsdk_copy/src/data/property_dynamic.o
LOAD accsdk_copy/src/data/property_json.o
LOAD accsdk_copy/src/data/property_stack.o
LOAD accsdk_copy/src/data/propmap.o
LOAD accsdk_copy/src/data/ringbuffer.o
LOAD accsdk_copy/src/data/static_buf.o
LOAD accsdk_copy/src/debug.o
LOAD accsdk_copy/src/http/http_client.o
LOAD accsdk_copy/src/http/http_client_mqtt.o
LOAD accsdk_copy/src/http/http_request.o
LOAD accsdk_copy/src/http/http_response.o
LOAD accsdk_copy/src/http/http_routine.o
LOAD accsdk_copy/src/json/json.o
LOAD accsdk_copy/src/json/json_decode.o
LOAD accsdk_copy/src/json/json_encode.o
LOAD accsdk_copy/src/json/json_stringbuffer.o
LOAD accsdk_copy/src/mqtt/client/src/MQTTClient.o
LOAD accsdk_copy/src/mqtt/client/src/network.o
LOAD accsdk_copy/src/mqtt/client/src/timer.o
LOAD accsdk_copy/src/mqtt/packet/src/MQTTConnectClient.o
LOAD accsdk_copy/src/mqtt/packet/src/MQTTConnectServer.o
LOAD accsdk_copy/src/mqtt/packet/src/MQTTDeserializePublish.o
LOAD accsdk_copy/src/mqtt/packet/src/MQTTFormat.o
LOAD accsdk_copy/src/mqtt/packet/src/MQTTPacket.o
LOAD accsdk_copy/src/mqtt/packet/src/MQTTSerializePublish.o
LOAD accsdk_copy/src/mqtt/packet/src/MQTTSubscribeClient.o
LOAD accsdk_copy/src/mqtt/packet/src/MQTTSubscribeServer.o
LOAD accsdk_copy/src/mqtt/packet/src/MQTTUnsubscribeClient.o
LOAD accsdk_copy/src/mqtt/packet/src/MQTTUnsubscribeServer.o
LOAD accsdk_copy/src/ntp/ntp.o
LOAD accsdk_copy/src/ntp/ntp_client.o
LOAD accsdk_copy/src/sys/mutex_weak.o
LOAD accsdk_copy/src/sys/rand_weak.o
LOAD accsdk_copy/src/sys/reboot_weak.o
LOAD accsdk_copy/src/sys/socket_weak.o
LOAD accsdk_copy/src/sys/watchdog_weak.o
LOAD accsdk_copy/src/time/time.o
LOAD accsdk_impl/crypt.o
LOAD accsdk_impl/debug.o
LOAD accsdk_impl/md5sum.o
LOAD accsdk_impl/net.o
LOAD accsdk_impl/socket.o
LOAD accsdk_impl/ssl.o
LOAD accsdk_impl/storage.o
LOAD accsdk_impl/telemetry.o
LOAD accsdk_impl/time.o
LOAD cryptoauthlib/lib/atcacert/atcacert_client.o
LOAD cryptoauthlib/lib/atcacert/atcacert_date.o
LOAD cryptoauthlib/lib/atcacert/atcacert_def.o
LOAD cryptoauthlib/lib/atcacert/atcacert_der.o
LOAD cryptoauthlib/lib/atcacert/atcacert_host_hw.o
LOAD cryptoauthlib/lib/atcacert/atcacert_host_sw.o
LOAD cryptoauthlib/lib/atca_cfgs.o
LOAD cryptoauthlib/lib/atca_command.o
LOAD cryptoauthlib/lib/atca_device.o
LOAD cryptoauthlib/lib/atca_execution.o
LOAD cryptoauthlib/lib/atca_iface.o
LOAD cryptoauthlib/lib/basic/atca_basic.o
LOAD cryptoauthlib/lib/basic/atca_basic_aes.o
LOAD cryptoauthlib/lib/basic/atca_basic_checkmac.o
LOAD cryptoauthlib/lib/basic/atca_basic_counter.o
LOAD cryptoauthlib/lib/basic/atca_basic_derivekey.o
LOAD cryptoauthlib/lib/basic/atca_basic_ecdh.o
LOAD cryptoauthlib/lib/basic/atca_basic_gendig.o
LOAD cryptoauthlib/lib/basic/atca_basic_genkey.o
LOAD cryptoauthlib/lib/basic/atca_basic_hmac.o
LOAD cryptoauthlib/lib/basic/atca_basic_info.o
LOAD cryptoauthlib/lib/basic/atca_basic_kdf.o
LOAD cryptoauthlib/lib/basic/atca_basic_lock.o
LOAD cryptoauthlib/lib/basic/atca_basic_mac.o
LOAD cryptoauthlib/lib/basic/atca_basic_nonce.o
LOAD cryptoauthlib/lib/basic/atca_basic_privwrite.o
LOAD cryptoauthlib/lib/basic/atca_basic_random.o
LOAD cryptoauthlib/lib/basic/atca_basic_read.o
LOAD cryptoauthlib/lib/basic/atca_basic_secureboot.o
LOAD cryptoauthlib/lib/basic/atca_basic_selftest.o
LOAD cryptoauthlib/lib/basic/atca_basic_sha.o
LOAD cryptoauthlib/lib/basic/atca_basic_sign.o
LOAD cryptoauthlib/lib/basic/atca_basic_updateextra.o
LOAD cryptoauthlib/lib/basic/atca_basic_verify.o
LOAD cryptoauthlib/lib/basic/atca_basic_write.o
LOAD cryptoauthlib/lib/basic/atca_helpers.o
LOAD cryptoauthlib/lib/crypto/atca_crypto_sw_ecdsa.o
LOAD cryptoauthlib/lib/crypto/atca_crypto_sw_rand.o
LOAD cryptoauthlib/lib/crypto/atca_crypto_sw_sha1.o
LOAD cryptoauthlib/lib/crypto/atca_crypto_sw_sha2.o
LOAD cryptoauthlib/lib/crypto/hashes/sha1_routines.o
LOAD cryptoauthlib/lib/crypto/hashes/sha2_routines.o
LOAD cryptoauthlib/lib/hal/atca_hal.o
LOAD cryptoauthlib/lib/hal/hal_samd21_i2c_start.o
LOAD cryptoauthlib/lib/hal/hal_samd21_timer_start.o
LOAD cryptoauthlib/lib/host/atca_host.o
LOAD FreeRTOS/rtos_port.o
LOAD FreeRTOS/Source/croutine.o
LOAD FreeRTOS/Source/event_groups.o
LOAD FreeRTOS/Source/list.o
LOAD FreeRTOS/Source/portable/GCC/ARM _CM0/port.o
LOAD FreeRTOS/Source/portable/MemMang/heap_2.o
LOAD FreeRTOS/Source/queue.o
LOAD FreeRTOS/Source/stream_buffer.o
LOAD FreeRTOS/Source/tasks.o
LOAD FreeRTOS/Source/timers.o
LOAD hal/src/hal_atomic.o
LOAD hal/src/hal_delay.o
LOAD hal/src/hal_ext_irq.o
LOAD hal/src/hal_flash.o
LOAD hal/src/hal_gpio.o
LOAD hal/src/hal_i2c_m_sync.o
LOAD hal/src/hal_init.o
LOAD hal/src/hal_io.o
LOAD hal/src/hal_sleep.o
LOAD hal/src/hal_spi_m_sync.o
LOAD hal/src/hal_usart_sync.o
LOAD hal/utils/src/utils_assert.o
LOAD hal/utils/src/utils_event.o
LOAD hal/utils/src/utils_list.o
LOAD hal/utils/src/utils_syscalls.o
LOAD hpl/core/hpl_core_m0plus_base.o
LOAD hpl/core/hpl_init.o
LOAD hpl/dmac/hpl_dmac.o
LOAD hpl/eic/hpl_eic.o
LOAD hpl/gclk/hpl_gclk.o
LOAD hpl/nvmctrl/hpl_nvmctrl.o
LOAD hpl/pm/hpl_pm.o
LOAD hpl/sercom/hpl_sercom.o
LOAD hpl/sysctrl/hpl_sysctrl.o
LOAD hpl/systick/hpl_systick.o
LOAD src/ac.o
LOAD src/ac_data.o
LOAD src/app.o
LOAD src/console.o
LOAD src/crypto.o
LOAD src/driver_init.o
LOAD src/main.o
LOAD src/startup_samd21.o
LOAD src/system.o
LOAD src/system_samd21.o
LOAD src/system_tasks.o
LOAD src/term.o
LOAD src/test.o
LOAD src/third-party/sha256.o
LOAD src/tiny_printf.o
LOAD src/winc_main.o
LOAD src/winc_nm_bsp.o
LOAD winc1500/bus_wrapper/source/nm_bus_wrapper.o
LOAD winc1500/common/source/nm_common.o
LOAD winc1500/driver/source/m2m_ate_mode.o
LOAD winc1500/driver/source/m2m_crypto.o
LOAD winc1500/driver/source/m2m_hif.o
LOAD winc1500/driver/source/m2m_ota.o
LOAD winc1500/driver/source/m2m_periph.o
LOAD winc1500/driver/source/m2m_ssl.o
LOAD winc1500/driver/source/m2m_wifi.o
LOAD winc1500/driver/source/nmasic.o
LOAD winc1500/driver/source/nmbus.o
LOAD winc1500/driver/source/nmdrv.o
LOAD winc1500/driver/source/nmi2c.o
LOAD winc1500/driver/source/nmspi.o
LOAD winc1500/driver/source/nmuart.o
LOAD winc1500/socket/source/socket.o
LOAD winc1500/spi_flash/source/spi_flash.o
START GROUP
LOAD c:/program files (x86)/atmel/studio/7.0/toolchain/arm/arm-gnu-toolchain/bin/../lib/gcc/arm-none-eabi/6.3.1/../../../../arm-none-eabi/lib/thumb/v6-m\libm.a
END GROUP
START GROUP
LOAD c:/program files (x86)/atmel/studio/7.0/toolchain/arm/arm-gnu-toolchain/bin/../lib/gcc/arm-none-eabi/6.3.1/thumb/v6-m\libgcc.a
LOAD c:/program files (x86)/atmel/studio/7.0/toolchain/arm/arm-gnu-toolchain/bin/../lib/gcc/arm-none-eabi/6.3.1/../../../../arm-none-eabi/lib/thumb/v6-m\libc_nano.a
END GROUP
START GROUP
LOAD c:/program files (x86)/atmel/studio/7.0/toolchain/arm/arm-gnu-toolchain/bin/../lib/gcc/arm-none-eabi/6.3.1/thumb/v6-m\libgcc.a
LOAD c:/program files (x86)/atmel/studio/7.0/toolchain/arm/arm-gnu-toolchain/bin/../lib/gcc/arm-none-eabi/6.3.1/../../../../arm-none-eabi/lib/thumb/v6-m\libc_nano.a
LOAD c:/program files (x86)/atmel/studio/7.0/toolchain/arm/arm-gnu-toolchain/bin/../lib/gcc/arm-none-eabi/6.3.1/../../../../arm-none-eabi/lib/thumb/v6-m\libnosys.a
END GROUP
START GROUP
LOAD c:/program files (x86)/atmel/studio/7.0/toolchain/arm/arm-gnu-toolchain/bin/../lib/gcc/arm-none-eabi/6.3.1/thumb/v6-m\libgcc.a
LOAD c:/program files (x86)/atmel/studio/7.0/toolchain/arm/arm-gnu-toolchain/bin/../lib/gcc/arm-none-eabi/6.3.1/../../../../arm-none-eabi/lib/thumb/v6-m\libc_nano.a
LOAD c:/program files (x86)/atmel/studio/7.0/toolchain/arm/arm-gnu-toolchain/bin/../lib/gcc/arm-none-eabi/6.3.1/../../../../arm-none-eabi/lib/thumb/v6-m\libnosys.a
END GROUP
LOAD c:/program files (x86)/atmel/studio/7.0/toolchain/arm/arm-gnu-toolchain/bin/../lib/gcc/arm-none-eabi/6.3.1/thumb/v6-m/crtend.o
LOAD c:/program files (x86)/atmel/studio/7.0/toolchain/arm/arm-gnu-toolchain/bin/../lib/gcc/arm-none-eabi/6.3.1/thumb/v6-m/crtn.o
                0x00000a00                STACK_SIZE = DEFINED (STACK_SIZE)?STACK_SIZE:DEFINED (__stack_size__)?__stack_size__:0xa00

.text           0x00000000    0x2ca98
                0x00000000                . = ALIGN (0x4)
                0x00000000                _sfixed = .
 *(.vectors .vectors.*)
 .vectors       0x00000000       0xb4 src/startup_samd21.o
                0x00000000                exception_table
 *(.text .text.* .gnu.linkonce.t.*)
 .text          0x000000b4       0x60 c:/program files (x86)/atmel/studio/7.0/toolchain/arm/arm-gnu-toolchain/bin/../lib/gcc/arm-none-eabi/6.3.1/thumb/v6-m/crtbegin.o
 .text._device_register_init
                0x00000114       0x70 accsdk_copy/src/arrow/api/device/device.o
 .text._device_register_proc
                0x00000184       0x34 accsdk_copy/src/arrow/api/device/device.o
 .text.arrow_register_device
                0x000001b8       0x44 accsdk_copy/src/arrow/api/device/device.o
                0x000001b8                arrow_register_device
 .text._gateway_config_init
                0x000001fc       0x74 accsdk_copy/src/arrow/api/gateway/gateway.o
 .text._gateway_config_proc
                0x00000270      0x14c accsdk_copy/src/arrow/api/gateway/gateway.o
 .text.arrow_gateway_config
                0x000003bc       0x30 accsdk_copy/src/arrow/api/gateway/gateway.o
                0x000003bc                arrow_gateway_config
 .text._gateway_register_init
                0x000003ec       0x64 accsdk_copy/src/arrow/api/gateway/gateway.o
 .text._gateway_register_proc
                0x00000450       0x44 accsdk_copy/src/arrow/api/gateway/gateway.o
 .text.arrow_register_gateway
                0x00000494       0x30 accsdk_copy/src/arrow/api/gateway/gateway.o
                0x00000494                arrow_register_gateway
 .text._gateway_checkin_init
                0x000004c4       0x74 accsdk_copy/src/arrow/api/gateway/gateway.o
 .text.arrow_gateway_checkin
                0x00000538       0x2c accsdk_copy/src/arrow/api/gateway/gateway.o
                0x00000538                arrow_gateway_checkin
 .text.timestamp_parse
                0x00000564      0x1e8 accsdk_copy/src/arrow/api/json/parse.o
                0x00000564                timestamp_parse
 .text.arrow_device_init
                0x0000074c       0x7c accsdk_copy/src/arrow/device.o
                0x0000074c                arrow_device_init
 .text.arrow_device_free
                0x000007c8       0x80 accsdk_copy/src/arrow/device.o
                0x000007c8                arrow_device_free
 .text.arrow_device_serialize
                0x00000848      0x1b8 accsdk_copy/src/arrow/device.o
                0x00000848                arrow_device_serialize
 .text.arrow_device_parse
                0x00000a00       0xb8 accsdk_copy/src/arrow/device.o
                0x00000a00                arrow_device_parse
 .text.arrow_prepare_device
                0x00000ab8      0x130 accsdk_copy/src/arrow/device.o
                0x00000ab8                arrow_prepare_device
 .text.arrow_command_handler_free
                0x00000be8       0x84 accsdk_copy/src/arrow/device_command.o
                0x00000be8                arrow_command_handler_free
 .text.form_evetns_url
                0x00000c6c       0xec accsdk_copy/src/arrow/device_command.o
 .text._event_ans_init
                0x00000d58       0x6c accsdk_copy/src/arrow/device_command.o
 .text.arrow_send_event_ans
                0x00000dc4       0xb8 accsdk_copy/src/arrow/device_command.o
                0x00000dc4                arrow_send_event_ans
 .text.cmdeq    0x00000e7c       0x34 accsdk_copy/src/arrow/device_command.o
 .text.ev_DeviceCommand
                0x00000eb0      0x518 accsdk_copy/src/arrow/device_command.o
                0x00000eb0                ev_DeviceCommand
 .text.arrow_mqtt_events_init
                0x000013c8       0x48 accsdk_copy/src/arrow/events.o
                0x000013c8                arrow_mqtt_events_init
 .text.arrow_gateway_init
                0x00001410       0x20 accsdk_copy/src/arrow/gateway.o
                0x00001410                arrow_gateway_init
 .text.arrow_gateway_serialize
                0x00001430      0x1a0 accsdk_copy/src/arrow/gateway.o
                0x00001430                arrow_gateway_serialize
 .text.arrow_gateway_parse
                0x000015d0       0xc8 accsdk_copy/src/arrow/gateway.o
                0x000015d0                arrow_gateway_parse
 .text.arrow_gateway_free
                0x00001698       0x64 accsdk_copy/src/arrow/gateway.o
                0x00001698                arrow_gateway_free
 .text.arrow_gateway_config_init
                0x000016fc       0x28 accsdk_copy/src/arrow/gateway.o
                0x000016fc                arrow_gateway_config_init
 .text.arrow_prepare_gateway
                0x00001724      0x1a4 accsdk_copy/src/arrow/gateway.o
                0x00001724                arrow_prepare_gateway
 .text.arrow_init
                0x000018c8       0x44 accsdk_copy/src/arrow/routine.o
                0x000018c8                arrow_init
 .text.arrow_connect_gateway
                0x0000190c      0x110 accsdk_copy/src/arrow/routine.o
                0x0000190c                arrow_connect_gateway
 .text.arrow_connect_device
                0x00001a1c       0x9c accsdk_copy/src/arrow/routine.o
                0x00001a1c                arrow_connect_device
 .text.arrow_initialize_routine
                0x00001ab8      0x10c accsdk_copy/src/arrow/routine.o
                0x00001ab8                arrow_initialize_routine
 .text.arrow_send_telemetry_routine
                0x00001bc4       0x78 accsdk_copy/src/arrow/routine.o
                0x00001bc4                arrow_send_telemetry_routine
 .text.get_api_key
                0x00001c3c       0x4c accsdk_copy/src/arrow/sign.o
                0x00001c3c                get_api_key
 .text.get_secret_key
                0x00001c88       0x4c accsdk_copy/src/arrow/sign.o
                0x00001c88                get_secret_key
 .text.get_SignApiVersion
                0x00001cd4       0x30 accsdk_copy/src/arrow/sign.o
                0x00001cd4                get_SignApiVersion
 .text.set_key  0x00001d04       0x48 accsdk_copy/src/arrow/sign.o
 .text.set_api_key
                0x00001d4c       0x30 accsdk_copy/src/arrow/sign.o
                0x00001d4c                set_api_key
 .text.set_secret_key
                0x00001d7c       0x30 accsdk_copy/src/arrow/sign.o
                0x00001d7c                set_secret_key
 .text.sign     0x00001dac      0x3bc accsdk_copy/src/arrow/sign.o
                0x00001dac                sign
 .text.get_canonical_string
                0x00002168       0xc8 accsdk_copy/src/arrow/sign.o
 .text.sign_request
                0x00002230      0x328 accsdk_copy/src/arrow/sign.o
                0x00002230                sign_request
 .text._software_releases_ans_init
                0x00002558      0x1b0 accsdk_copy/src/arrow/software_release.o
 .text.arrow_software_releases_trans_fail
                0x00002708       0x48 accsdk_copy/src/arrow/software_release.o
                0x00002708                arrow_software_releases_trans_fail
 .text.arrow_software_releases_trans_received
                0x00002750       0x44 accsdk_copy/src/arrow/software_release.o
                0x00002750                arrow_software_releases_trans_received
 .text.arrow_software_releases_trans_success
                0x00002794       0x44 accsdk_copy/src/arrow/software_release.o
                0x00002794                arrow_software_releases_trans_success
 .text.ev_DeviceSoftwareRelease
                0x000027d8      0x288 accsdk_copy/src/arrow/software_release.o
                0x000027d8                ev_DeviceSoftwareRelease
 .text.arrow_software_release_payload_handler
                0x00002a60       0x90 accsdk_copy/src/arrow/software_release.o
                0x00002a60                arrow_software_release_payload_handler
 .text._software_releases_download_init
                0x00002af0       0xa8 accsdk_copy/src/arrow/software_release.o
 .text._software_releases_download_proc
                0x00002b98       0xa0 accsdk_copy/src/arrow/software_release.o
 .text.arrow_software_release_download
                0x00002c38       0x44 accsdk_copy/src/arrow/software_release.o
                0x00002c38                arrow_software_release_download
 .text.ev_GatewaySoftwareUpdate
                0x00002c7c       0x6c accsdk_copy/src/arrow/software_update.o
                0x00002c7c                ev_GatewaySoftwareUpdate
 .text.arrow_gateway_software_update
                0x00002ce8       0x30 accsdk_copy/src/arrow/software_update.o
                0x00002ce8                arrow_gateway_software_update
 .text.stateeq  0x00002d18       0x34 accsdk_copy/src/arrow/state.o
 .text.state_add_bool
                0x00002d4c       0x34 accsdk_copy/src/arrow/state.o
 .text.state_value_bool_json
                0x00002d80       0x24 accsdk_copy/src/arrow/state.o
 .text.state_value_bool_parse
                0x00002da4       0x3c accsdk_copy/src/arrow/state.o
 .text.state_add_number
                0x00002de0       0x34 accsdk_copy/src/arrow/state.o
 .text.state_value_number_json
                0x00002e14       0x28 accsdk_copy/src/arrow/state.o
 .text.state_value_number_parse
                0x00002e3c       0x2c accsdk_copy/src/arrow/state.o
 .text.state_value_string_add
                0x00002e68       0x44 accsdk_copy/src/arrow/state.o
 .text.state_value_string_json
                0x00002eac       0x24 accsdk_copy/src/arrow/state.o
 .text.state_value_string_parse
                0x00002ed0       0x60 accsdk_copy/src/arrow/state.o
 .text.state_value_string_free
                0x00002f30       0x28 accsdk_copy/src/arrow/state.o
 .text.arrow_device_state_handler
                0x00002f58      0x1a8 accsdk_copy/src/arrow/state.o
                0x00002f58                arrow_device_state_handler
 .text._state_put_init
                0x00003100      0x21c accsdk_copy/src/arrow/state.o
 .text.arrow_device_state_answer
                0x0000331c       0x58 accsdk_copy/src/arrow/state.o
 .text.ev_DeviceStateRequest
                0x00003374      0x18c accsdk_copy/src/arrow/state.o
                0x00003374                ev_DeviceStateRequest
 .text._telemetry_init
                0x00003500       0x7c accsdk_copy/src/arrow/telemetry_api.o
 .text.arrow_send_telemetry
                0x0000357c       0x48 accsdk_copy/src/arrow/telemetry_api.o
                0x0000357c                arrow_send_telemetry
 .text.copy_till
                0x000035c4       0x6c accsdk_copy/src/arrow/utf8.o
                0x000035c4                copy_till
 .text.copy_till_to_int
                0x00003630       0x60 accsdk_copy/src/arrow/utf8.o
                0x00003630                copy_till_to_int
 .text.copy_till_hex_to_int
                0x00003690       0x64 accsdk_copy/src/arrow/utf8.o
                0x00003690                copy_till_hex_to_int
 .text.hex_encode
                0x000036f4       0x4c accsdk_copy/src/arrow/utf8.o
                0x000036f4                hex_encode
 .text.le_htons
                0x00003740       0x1c accsdk_copy/src/bsd/inet.o
                0x00003740                le_htons
 .text.le_htonl
                0x0000375c       0x32 accsdk_copy/src/bsd/inet.o
                0x0000375c                le_htonl
 *fill*         0x0000378e        0x2 
 .text.htons    0x00003790       0x24 accsdk_copy/src/bsd/inet.o
                0x00003790                htons
 .text.htonl    0x000037b4       0x20 accsdk_copy/src/bsd/inet.o
                0x000037b4                htonl
 .text.ntohl    0x000037d4       0x20 accsdk_copy/src/bsd/inet.o
                0x000037d4                ntohl
 .text.arrow_linked_list_add
                0x000037f4       0x46 accsdk_copy/src/data/linkedlist.o
                0x000037f4                arrow_linked_list_add
 *fill*         0x0000383a        0x2 
 .text.property_type_add
                0x0000383c       0x48 accsdk_copy/src/data/property.o
                0x0000383c                property_type_add
 .text.property_types_init
                0x00003884       0x40 accsdk_copy/src/data/property.o
                0x00003884                property_types_init
 .text.property_init
                0x000038c4       0x20 accsdk_copy/src/data/property.o
                0x000038c4                property_init
 .text.proptypeeq
                0x000038e4       0x30 accsdk_copy/src/data/property.o
 .text.get_property_type
                0x00003914       0x80 accsdk_copy/src/data/property.o
                0x00003914                get_property_type
 .text.property_copy
                0x00003994       0x54 accsdk_copy/src/data/property.o
                0x00003994                property_copy
 .text.property_weak_copy
                0x000039e8       0x54 accsdk_copy/src/data/property.o
                0x000039e8                property_weak_copy
 .text.property_move
                0x00003a3c       0x48 accsdk_copy/src/data/property.o
                0x00003a3c                property_move
 .text.property_size
                0x00003a84       0x3c accsdk_copy/src/data/property.o
                0x00003a84                property_size
 .text.property_as_null_terminated
                0x00003ac0       0xac accsdk_copy/src/data/property.o
                0x00003ac0                property_as_null_terminated
 .text.property_concat
                0x00003b6c       0x50 accsdk_copy/src/data/property.o
                0x00003b6c                property_concat
 .text.property_free
                0x00003bbc       0x5c accsdk_copy/src/data/property.o
                0x00003bbc                property_free
 .text.property_cmp
                0x00003c18       0x70 accsdk_copy/src/data/property.o
                0x00003c18                property_cmp
 .text.const_copy
                0x00003c88       0x28 accsdk_copy/src/data/property_const.o
                0x00003c88                const_copy
 .text.const_weak
                0x00003cb0       0x28 accsdk_copy/src/data/property_const.o
                0x00003cb0                const_weak
 .text.property_type_get_const
                0x00003cd8       0x10 accsdk_copy/src/data/property_const.o
                0x00003cd8                property_type_get_const
 .text.dynmc_copy
                0x00003ce8       0x78 accsdk_copy/src/data/property_dynamic.o
                0x00003ce8                dynmc_copy
 .text.dynmc_weak
                0x00003d60       0x28 accsdk_copy/src/data/property_dynamic.o
                0x00003d60                dynmc_weak
 .text.dynmc_move
                0x00003d88       0x50 accsdk_copy/src/data/property_dynamic.o
                0x00003d88                dynmc_move
 .text.dynmc_destroy
                0x00003dd8       0x28 accsdk_copy/src/data/property_dynamic.o
                0x00003dd8                dynmc_destroy
 .text.dynmc_concat
                0x00003e00       0xac accsdk_copy/src/data/property_dynamic.o
                0x00003e00                dynmc_concat
 .text.property_type_get_dynamic
                0x00003eac       0x10 accsdk_copy/src/data/property_dynamic.o
                0x00003eac                property_type_get_dynamic
 .text.json_copy
                0x00003ebc       0x34 accsdk_copy/src/data/property_json.o
                0x00003ebc                json_copy
 .text.json_weak
                0x00003ef0       0x28 accsdk_copy/src/data/property_json.o
                0x00003ef0                json_weak
 .text.json_move
                0x00003f18       0x50 accsdk_copy/src/data/property_json.o
                0x00003f18                json_move
 .text.json_destroy
                0x00003f68       0x20 accsdk_copy/src/data/property_json.o
                0x00003f68                json_destroy
 .text.property_type_get_json
                0x00003f88       0x10 accsdk_copy/src/data/property_json.o
                0x00003f88                property_type_get_json
 .text.stack_copy
                0x00003f98       0x34 accsdk_copy/src/data/property_stack.o
                0x00003f98                stack_copy
 .text.stack_weak
                0x00003fcc       0x28 accsdk_copy/src/data/property_stack.o
                0x00003fcc                stack_weak
 .text.property_type_get_stack
                0x00003ff4       0x10 accsdk_copy/src/data/property_stack.o
                0x00003ff4                property_type_get_stack
 .text.property_map_t_object_allocator
                0x00004004       0x7c accsdk_copy/src/data/propmap.o
                0x00004004                property_map_t_object_allocator
 .text.property_map_tobject_free
                0x00004080       0x1c accsdk_copy/src/data/propmap.o
                0x00004080                property_map_tobject_free
 .text.propkeyeq
                0x0000409c       0x34 accsdk_copy/src/data/propmap.o
 .text.property_map_init
                0x000040d0       0x3c accsdk_copy/src/data/propmap.o
                0x000040d0                property_map_init
 .text.property_map_add
                0x0000410c       0xb4 accsdk_copy/src/data/propmap.o
                0x0000410c                property_map_add
 .text.property_map_find
                0x000041c0       0x70 accsdk_copy/src/data/propmap.o
                0x000041c0                property_map_find
 .text.property_map_clear
                0x00004230       0xa8 accsdk_copy/src/data/propmap.o
                0x00004230                property_map_clear
 .text.ringbuf_init
                0x000042d8       0x60 accsdk_copy/src/data/ringbuffer.o
                0x000042d8                ringbuf_init
 .text.ringbuf_capacity
                0x00004338       0x2c accsdk_copy/src/data/ringbuffer.o
                0x00004338                ringbuf_capacity
 .text.ringbuf_size
                0x00004364       0x1c accsdk_copy/src/data/ringbuffer.o
                0x00004364                ringbuf_size
 .text.ringbuf_clear
                0x00004380       0x30 accsdk_copy/src/data/ringbuffer.o
                0x00004380                ringbuf_clear
 .text.ringbuf_push
                0x000043b0       0xe0 accsdk_copy/src/data/ringbuffer.o
                0x000043b0                ringbuf_push
 .text.ringbuf_pop
                0x00004490       0xd8 accsdk_copy/src/data/ringbuffer.o
                0x00004490                ringbuf_pop
 .text.__is_in_use
                0x00004568       0x2c accsdk_copy/src/data/static_buf.o
                0x00004568                __is_in_use
 .text.__set_in_use
                0x00004594       0x3c accsdk_copy/src/data/static_buf.o
                0x00004594                __set_in_use
 .text.__unset_in_use
                0x000045d0       0x40 accsdk_copy/src/data/static_buf.o
                0x000045d0                __unset_in_use
 .text.__static_alloc
                0x00004610      0x100 accsdk_copy/src/data/static_buf.o
                0x00004610                __static_alloc
 .text.__static_free
                0x00004710       0x9c accsdk_copy/src/data/static_buf.o
                0x00004710                __static_free
 .text.__static_buf_size
                0x000047ac       0xa8 accsdk_copy/src/data/static_buf.o
 .text.__static_realloc
                0x00004854       0xb4 accsdk_copy/src/data/static_buf.o
                0x00004854                __static_realloc
 .text.http_session_is_open
                0x00004908       0x1e accsdk_copy/src/http/http_client.o
                0x00004908                http_session_is_open
 .text.http_session_close_set
                0x00004926       0x1e accsdk_copy/src/http/http_client.o
                0x00004926                http_session_close_set
 .text.http_session_set_protocol
                0x00004944       0x20 accsdk_copy/src/http/http_client.o
                0x00004944                http_session_set_protocol
 .text.client_recv
                0x00004964       0xb8 accsdk_copy/src/http/http_client.o
 .text.simple_write
                0x00004a1c       0xc8 accsdk_copy/src/http/http_client.o
 .text.http_client_init
                0x00004ae4       0x80 accsdk_copy/src/http/http_client.o
                0x00004ae4                http_client_init
 .text.http_client_open
                0x00004b64       0x24 accsdk_copy/src/http/http_client.o
                0x00004b64                http_client_open
 .text.default_http_client_open
                0x00004b88      0x200 accsdk_copy/src/http/http_client.o
                0x00004b88                default_http_client_open
 .text.http_client_close
                0x00004d88       0x20 accsdk_copy/src/http/http_client.o
                0x00004d88                http_client_close
 .text.default_http_client_close
                0x00004da8       0x7c accsdk_copy/src/http/http_client.o
                0x00004da8                default_http_client_close
 .text.send_start
                0x00004e24      0x240 accsdk_copy/src/http/http_client.o
 .text.send_header
                0x00005064      0x214 accsdk_copy/src/http/http_client.o
 .text.send_payload
                0x00005278      0x104 accsdk_copy/src/http/http_client.o
 .text.wait_line
                0x0000537c       0xb8 accsdk_copy/src/http/http_client.o
 .text.receive_response
                0x00005434       0xc8 accsdk_copy/src/http/http_client.o
 .text.receive_headers
                0x000054fc      0x10c accsdk_copy/src/http/http_client.o
 .text.get_chunked_payload_size
                0x00005608       0x68 accsdk_copy/src/http/http_client.o
 .text.receive_payload
                0x00005670      0x158 accsdk_copy/src/http/http_client.o
 .text.http_client_do
                0x000057c8       0x24 accsdk_copy/src/http/http_client.o
                0x000057c8                http_client_do
 .text.default_http_client_do
                0x000057ec      0x144 accsdk_copy/src/http/http_client.o
                0x000057ec                default_http_client_do
 .text.get_METH
                0x00005930       0x2c accsdk_copy/src/http/http_request.o
 .text.cmp_n_Scheme
                0x0000595c       0x4c accsdk_copy/src/http/http_request.o
 .text.get_Scheme
                0x000059a8       0x2c accsdk_copy/src/http/http_request.o
 .text.http_request_init
                0x000059d4      0x254 accsdk_copy/src/http/http_request.o
                0x000059d4                http_request_init
 .text.http_request_close
                0x00005c28       0x88 accsdk_copy/src/http/http_request.o
                0x00005c28                http_request_close
 .text.http_request_add_header
                0x00005cb0       0x54 accsdk_copy/src/http/http_request.o
                0x00005cb0                http_request_add_header
 .text.http_request_find_header
                0x00005d04       0x54 accsdk_copy/src/http/http_request.o
                0x00005d04                http_request_find_header
 .text.http_request_set_content_type
                0x00005d58       0x30 accsdk_copy/src/http/http_request.o
                0x00005d58                http_request_set_content_type
 .text.http_request_set_payload
                0x00005d88       0x28 accsdk_copy/src/http/http_request.o
                0x00005d88                http_request_set_payload
 .text.default_set_payload_handler
                0x00005db0       0x30 accsdk_copy/src/http/http_response.o
                0x00005db0                default_set_payload_handler
 .text.default_add_payload_handler
                0x00005de0       0x4c accsdk_copy/src/http/http_response.o
                0x00005de0                default_add_payload_handler
 .text.http_response_init
                0x00005e2c       0x34 accsdk_copy/src/http/http_response.o
                0x00005e2c                http_response_init
 .text.http_response_free
                0x00005e60       0x58 accsdk_copy/src/http/http_response.o
                0x00005e60                http_response_free
 .text.http_response_add_payload
                0x00005eb8       0x44 accsdk_copy/src/http/http_response.o
                0x00005eb8                http_response_add_payload
 .text.current_client
                0x00005efc       0x10 accsdk_copy/src/http/http_routine.o
                0x00005efc                current_client
 .text.__http_init
                0x00005f0c       0x1c accsdk_copy/src/http/http_routine.o
                0x00005f0c                __http_init
 .text.__http_routine
                0x00005f28      0x150 accsdk_copy/src/http/http_routine.o
                0x00005f28                __http_routine
 .text.JsonNode_object_allocator
                0x00006078       0x80 accsdk_copy/src/json/json.o
                0x00006078                JsonNode_object_allocator
 .text.JsonNodeobject_free
                0x000060f8       0x1c accsdk_copy/src/json/json.o
                0x000060f8                JsonNodeobject_free
 .text.json_strdup
                0x00006114       0x78 accsdk_copy/src/json/json.o
                0x00006114                json_strdup
 .text.utf8_validate_cz
                0x0000618c      0x144 accsdk_copy/src/json/json.o
 .text.utf8_validate
                0x000062d0       0x40 accsdk_copy/src/json/json.o
 .text.utf8_read_char
                0x00006310       0xfc accsdk_copy/src/json/json.o
 .text.utf8_write_char
                0x0000640c      0x174 accsdk_copy/src/json/json.o
 .text.from_surrogate_pair
                0x00006580       0x78 accsdk_copy/src/json/json.o
 .text.to_surrogate_pair
                0x000065f8       0x90 accsdk_copy/src/json/json.o
 .text.json_decode
                0x00006688       0x6c accsdk_copy/src/json/json.o
                0x00006688                json_decode
 .text.json_encode_property
                0x000066f4       0x70 accsdk_copy/src/json/json.o
                0x000066f4                json_encode_property
 .text.json_encode
                0x00006764       0x20 accsdk_copy/src/json/json.o
                0x00006764                json_encode
 .text.json_stringify
                0x00006784       0x64 accsdk_copy/src/json/json.o
                0x00006784                json_stringify
 .text.json_delete
                0x000067e8       0x74 accsdk_copy/src/json/json.o
                0x000067e8                json_delete
 .text.json_delete_string
                0x0000685c       0x28 accsdk_copy/src/json/json.o
                0x0000685c                json_delete_string
 .text.json_find_member
                0x00006884       0x64 accsdk_copy/src/json/json.o
                0x00006884                json_find_member
 .text.json_first_child
                0x000068e8       0x2e accsdk_copy/src/json/json.o
                0x000068e8                json_first_child
 *fill*         0x00006916        0x2 
 .text.mknode   0x00006918       0x30 accsdk_copy/src/json/json.o
 .text.json_mknull
                0x00006948       0x18 accsdk_copy/src/json/json.o
                0x00006948                json_mknull
 .text.json_mkbool
                0x00006960       0x34 accsdk_copy/src/json/json.o
                0x00006960                json_mkbool
 .text.mkstring
                0x00006994       0x2c accsdk_copy/src/json/json.o
 .text.json_mkstring
                0x000069c0       0x2c accsdk_copy/src/json/json.o
                0x000069c0                json_mkstring
 .text.json_mknumber
                0x000069ec       0x34 accsdk_copy/src/json/json.o
                0x000069ec                json_mknumber
 .text.json_mkarray
                0x00006a20       0x18 accsdk_copy/src/json/json.o
                0x00006a20                json_mkarray
 .text.json_mkobject
                0x00006a38       0x18 accsdk_copy/src/json/json.o
                0x00006a38                json_mkobject
 .text.append_node
                0x00006a50       0x44 accsdk_copy/src/json/json.o
 .text.append_member
                0x00006a94       0x3c accsdk_copy/src/json/json.o
 .text.json_append_element
                0x00006ad0       0x68 accsdk_copy/src/json/json.o
                0x00006ad0                json_append_element
 .text.json_append_member
                0x00006b38       0x70 accsdk_copy/src/json/json.o
                0x00006b38                json_append_member
 .text.json_remove_from_parent
                0x00006ba8       0x78 accsdk_copy/src/json/json.o
                0x00006ba8                json_remove_from_parent
 .text.parse_value
                0x00006c20      0x1c4 accsdk_copy/src/json/json.o
 .text.parse_array
                0x00006de4       0xfc accsdk_copy/src/json/json.o
 .text.parse_object
                0x00006ee0      0x190 accsdk_copy/src/json/json.o
 .text.parse_string
                0x00007070      0x2b0 accsdk_copy/src/json/json.o
 .text.parse_number
                0x00007320      0x118 accsdk_copy/src/json/json.o
 .text.skip_space
                0x00007438       0x44 accsdk_copy/src/json/json.o
 .text.emit_value
                0x0000747c       0xf4 accsdk_copy/src/json/json.o
 .text.emit_value_indented
                0x00007570       0xf8 accsdk_copy/src/json/json.o
 .text.emit_array
                0x00007668       0xb8 accsdk_copy/src/json/json.o
 .text.emit_array_indented
                0x00007720       0xf0 accsdk_copy/src/json/json.o
 .text.emit_object
                0x00007810       0xf0 accsdk_copy/src/json/json.o
 .text.emit_object_indented
                0x00007900      0x110 accsdk_copy/src/json/json.o
 .text.emit_string
                0x00007a10      0x2c8 accsdk_copy/src/json/json.o
 .text.emit_number
                0x00007cd8      0x124 accsdk_copy/src/json/json.o
                0x00007cd8                emit_number
 .text.tag_is_valid
                0x00007dfc       0x1c accsdk_copy/src/json/json.o
 .text.number_is_valid
                0x00007e18       0x38 accsdk_copy/src/json/json.o
 .text.expect_literal
                0x00007e50       0x42 accsdk_copy/src/json/json.o
 .text.parse_hex16
                0x00007e92      0x100 accsdk_copy/src/json/json.o
 *fill*         0x00007f92        0x2 
 .text.write_hex16
                0x00007f94       0x8c accsdk_copy/src/json/json.o
 .text.sb_init  0x00008020       0x68 accsdk_copy/src/json/json_stringbuffer.o
                0x00008020                sb_init
 .text.sb_grow  0x00008088       0xa8 accsdk_copy/src/json/json_stringbuffer.o
                0x00008088                sb_grow
 .text.sb_need  0x00008130       0x3c accsdk_copy/src/json/json_stringbuffer.o
                0x00008130                sb_need
 .text.sb_put   0x0000816c       0x50 accsdk_copy/src/json/json_stringbuffer.o
                0x0000816c                sb_put
 .text.sb_puts  0x000081bc       0x34 accsdk_copy/src/json/json_stringbuffer.o
                0x000081bc                sb_puts
 .text.sb_finish
                0x000081f0       0x6c accsdk_copy/src/json/json_stringbuffer.o
                0x000081f0                sb_finish
 .text.sb_clear
                0x0000825c       0x20 accsdk_copy/src/json/json_stringbuffer.o
                0x0000825c                sb_clear
 .text.sb_free  0x0000827c       0x50 accsdk_copy/src/json/json_stringbuffer.o
                0x0000827c                sb_free
 .text.ntp_set_time
                0x000082cc      0x4e4 accsdk_copy/src/ntp/ntp_client.o
                0x000082cc                ntp_set_time
 .text.reboot   0x000087b0        0xa accsdk_copy/src/sys/reboot_weak.o
                0x000087b0                reboot
 .text.socket_connect_done
                0x000087ba       0x12 accsdk_copy/src/sys/socket_weak.o
                0x000087ba                socket_connect_done
 .text.wdt_feed
                0x000087cc        0xc accsdk_copy/src/sys/watchdog_weak.o
                0x000087cc                wdt_feed
 .text.timestamp_less
                0x000087d8       0x54 accsdk_copy/src/time/time.o
                0x000087d8                timestamp_less
 .text.timestamp_string
                0x0000882c       0x84 accsdk_copy/src/time/time.o
                0x0000882c                timestamp_string
 .text.sdk_crypt_init
                0x000088b0       0x1c accsdk_impl/crypt.o
                0x000088b0                sdk_crypt_init
 .text.crypt_test
                0x000088cc      0x33c accsdk_impl/crypt.o
                0x000088cc                crypt_test
 .text.crypt_sign_buffer_with_secretkey
                0x00008c08       0x24 accsdk_impl/crypt.o
                0x00008c08                crypt_sign_buffer_with_secretkey
 .text.sha256   0x00008c2c       0x28 accsdk_impl/crypt.o
                0x00008c2c                sha256
 .text.sha256_init
                0x00008c54       0x1c accsdk_impl/crypt.o
                0x00008c54                sha256_init
 .text.sha256_chunk
                0x00008c70       0x28 accsdk_impl/crypt.o
                0x00008c70                sha256_chunk
 .text.sha256_fin
                0x00008c98       0x24 accsdk_impl/crypt.o
                0x00008c98                sha256_fin
 .text.hmac256  0x00008cbc       0x44 accsdk_impl/crypt.o
                0x00008cbc                hmac256
 .text.hmac256_init
                0x00008d00       0xbc accsdk_impl/crypt.o
                0x00008d00                hmac256_init
 .text.hmac256_chunk
                0x00008dbc       0x28 accsdk_impl/crypt.o
                0x00008dbc                hmac256_chunk
 .text.hmac256_fin
                0x00008de4       0x7c accsdk_impl/crypt.o
                0x00008de4                hmac256_fin
 .text._xor_with_buffer
                0x00008e60       0x42 accsdk_impl/crypt.o
 .text.md5_chunk_init
                0x00008ea2        0xa accsdk_impl/md5sum.o
                0x00008ea2                md5_chunk_init
 .text.md5_chunk
                0x00008eac       0x12 accsdk_impl/md5sum.o
                0x00008eac                md5_chunk
 .text.md5_chunk_hash
                0x00008ebe       0x12 accsdk_impl/md5sum.o
                0x00008ebe                md5_chunk_hash
 .text.get_mac_address
                0x00008ed0       0x2c accsdk_impl/net.o
                0x00008ed0                get_mac_address
 .text.sdk_socket_init
                0x00008efc       0x28 accsdk_impl/socket.o
                0x00008efc                sdk_socket_init
 .text.gethostbyname
                0x00008f24       0x3c accsdk_impl/socket.o
                0x00008f24                gethostbyname
 .text.socket   0x00008f60       0x48 accsdk_impl/socket.o
                0x00008f60                socket
 .text.soc_close
                0x00008fa8       0x1c accsdk_impl/socket.o
                0x00008fa8                soc_close
 .text.send     0x00008fc4       0x2c accsdk_impl/socket.o
                0x00008fc4                send
 .text.sendto   0x00008ff0       0x60 accsdk_impl/socket.o
                0x00008ff0                sendto
 .text.recv     0x00009050       0x2c accsdk_impl/socket.o
                0x00009050                recv
 .text.recvfrom
                0x0000907c       0x28 accsdk_impl/socket.o
                0x0000907c                recvfrom
 .text.connect  0x000090a4       0x50 accsdk_impl/socket.o
                0x000090a4                connect
 .text.setsockopt
                0x000090f4       0x18 accsdk_impl/socket.o
                0x000090f4                setsockopt
 .text.ssl_connect
                0x0000910c       0x12 accsdk_impl/ssl.o
                0x0000910c                ssl_connect
 *fill*         0x0000911e        0x2 
 .text.ssl_recv
                0x00009120       0x2c accsdk_impl/ssl.o
                0x00009120                ssl_recv
 .text.ssl_send
                0x0000914c       0x28 accsdk_impl/ssl.o
                0x0000914c                ssl_send
 .text.ssl_close
                0x00009174       0x12 accsdk_impl/ssl.o
                0x00009174                ssl_close
 *fill*         0x00009186        0x2 
 .text.restore_gateway_info
                0x00009188      0x1a4 accsdk_impl/storage.o
                0x00009188                restore_gateway_info
 .text.save_gateway_info
                0x0000932c       0x48 accsdk_impl/storage.o
                0x0000932c                save_gateway_info
 .text.restore_device_info
                0x00009374      0x1a8 accsdk_impl/storage.o
                0x00009374                restore_device_info
 .text.save_device_info
                0x0000951c       0x48 accsdk_impl/storage.o
                0x0000951c                save_device_info
 .text.restore_key_setting
                0x00009564       0x94 accsdk_impl/storage.o
                0x00009564                restore_key_setting
 .text.restore_ac_settings
                0x000095f8       0x30 accsdk_impl/storage.o
                0x000095f8                restore_ac_settings
 .text.telemetry_serialize
                0x00009628      0x134 accsdk_impl/telemetry.o
                0x00009628                telemetry_serialize
 .text.get_time
                0x0000975c       0x94 accsdk_impl/time.o
                0x0000975c                get_time
 .text.time     0x000097f0       0x18 accsdk_impl/time.o
                0x000097f0                time
 .text.stime    0x00009808       0x24 accsdk_impl/time.o
                0x00009808                stime
 .text.msleep   0x0000982c       0x14 accsdk_impl/time.o
                0x0000982c                msleep
 .text.timestamp
                0x00009840      0x120 accsdk_impl/time.o
                0x00009840                timestamp
 .text.atInfo   0x00009960       0x34 cryptoauthlib/lib/atca_command.o
                0x00009960                atInfo
 .text.atLock   0x00009994       0x34 cryptoauthlib/lib/atca_command.o
                0x00009994                atLock
 .text.atRead   0x000099c8       0x48 cryptoauthlib/lib/atca_command.o
                0x000099c8                atRead
 .text.atSHA    0x00009a10       0xc4 cryptoauthlib/lib/atca_command.o
                0x00009a10                atSHA
 .text.atUpdateExtra
                0x00009ad4       0x34 cryptoauthlib/lib/atca_command.o
                0x00009ad4                atUpdateExtra
 .text.atWrite  0x00009b08       0x70 cryptoauthlib/lib/atca_command.o
                0x00009b08                atWrite
 .text.newATCACommand
                0x00009b78       0x54 cryptoauthlib/lib/atca_command.o
                0x00009b78                newATCACommand
 .text.deleteATCACommand
                0x00009bcc       0x2c cryptoauthlib/lib/atca_command.o
                0x00009bcc                deleteATCACommand
 .text.atCRC    0x00009bf8       0xdc cryptoauthlib/lib/atca_command.o
                0x00009bf8                atCRC
 .text.atCalcCrc
                0x00009cd4       0x40 cryptoauthlib/lib/atca_command.o
                0x00009cd4                atCalcCrc
 .text.atCheckCrc
                0x00009d14       0x74 cryptoauthlib/lib/atca_command.o
                0x00009d14                atCheckCrc
 .text.isATCAError
                0x00009d88       0x98 cryptoauthlib/lib/atca_command.o
                0x00009d88                isATCAError
 .text.newATCADevice
                0x00009e20       0x74 cryptoauthlib/lib/atca_device.o
                0x00009e20                newATCADevice
 .text.deleteATCADevice
                0x00009e94       0x4c cryptoauthlib/lib/atca_device.o
                0x00009e94                deleteATCADevice
 .text.atca_execute_command
                0x00009ee0      0x12c cryptoauthlib/lib/atca_execution.o
                0x00009ee0                atca_execute_command
 .text.newATCAIface
                0x0000a00c       0x50 cryptoauthlib/lib/atca_iface.o
                0x0000a00c                newATCAIface
 .text.atinit   0x0000a05c       0x70 cryptoauthlib/lib/atca_iface.o
                0x0000a05c                atinit
 .text.atsend   0x0000a0cc       0x22 cryptoauthlib/lib/atca_iface.o
                0x0000a0cc                atsend
 .text.atreceive
                0x0000a0ee       0x22 cryptoauthlib/lib/atca_iface.o
                0x0000a0ee                atreceive
 .text.atwake   0x0000a110       0x1c cryptoauthlib/lib/atca_iface.o
                0x0000a110                atwake
 .text.atidle   0x0000a12c       0x34 cryptoauthlib/lib/atca_iface.o
                0x0000a12c                atidle
 .text.atgetifacecfg
                0x0000a160       0x14 cryptoauthlib/lib/atca_iface.o
                0x0000a160                atgetifacecfg
 .text.deleteATCAIface
                0x0000a174       0x44 cryptoauthlib/lib/atca_iface.o
                0x0000a174                deleteATCAIface
 .text._atinit  0x0000a1b8       0x68 cryptoauthlib/lib/atca_iface.o
                0x0000a1b8                _atinit
 .text.atcab_init
                0x0000a220       0xb4 cryptoauthlib/lib/basic/atca_basic.o
                0x0000a220                atcab_init
 .text.atcab_release
                0x0000a2d4       0x1c cryptoauthlib/lib/basic/atca_basic.o
                0x0000a2d4                atcab_release
 .text.atcab_get_addr
                0x0000a2f0       0xf4 cryptoauthlib/lib/basic/atca_basic.o
                0x0000a2f0                atcab_get_addr
 .text.atcab_get_zone_size
                0x0000a3e4       0xe0 cryptoauthlib/lib/basic/atca_basic.o
                0x0000a3e4                atcab_get_zone_size
 .text.atcab_info_base
                0x0000a4c4       0xcc cryptoauthlib/lib/basic/atca_basic_info.o
                0x0000a4c4                atcab_info_base
 .text.atcab_info
                0x0000a590       0x2c cryptoauthlib/lib/basic/atca_basic_info.o
                0x0000a590                atcab_info
 .text.atcab_lock
                0x0000a5bc       0xa8 cryptoauthlib/lib/basic/atca_basic_lock.o
                0x0000a5bc                atcab_lock
 .text.atcab_lock_config_zone
                0x0000a664       0x18 cryptoauthlib/lib/basic/atca_basic_lock.o
                0x0000a664                atcab_lock_config_zone
 .text.atcab_lock_data_zone
                0x0000a67c       0x18 cryptoauthlib/lib/basic/atca_basic_lock.o
                0x0000a67c                atcab_lock_data_zone
 .text.atcab_read_zone
                0x0000a694      0x148 cryptoauthlib/lib/basic/atca_basic_read.o
                0x0000a694                atcab_read_zone
 .text.atcab_read_serial_number
                0x0000a7dc       0x7c cryptoauthlib/lib/basic/atca_basic_read.o
                0x0000a7dc                atcab_read_serial_number
 .text.atcab_is_slot_locked
                0x0000a858       0xa4 cryptoauthlib/lib/basic/atca_basic_read.o
                0x0000a858                atcab_is_slot_locked
 .text.atcab_is_locked
                0x0000a8fc       0x9c cryptoauthlib/lib/basic/atca_basic_read.o
                0x0000a8fc                atcab_is_locked
 .text.atcab_read_config_zone
                0x0000a998       0x7c cryptoauthlib/lib/basic/atca_basic_read.o
                0x0000a998                atcab_read_config_zone
 .text.atcab_read_bytes_zone
                0x0000aa14      0x1e8 cryptoauthlib/lib/basic/atca_basic_read.o
                0x0000aa14                atcab_read_bytes_zone
 .text.atcab_sha_base
                0x0000abfc      0x188 cryptoauthlib/lib/basic/atca_basic_sha.o
                0x0000abfc                atcab_sha_base
 .text.atcab_sha_start
                0x0000ad84       0x24 cryptoauthlib/lib/basic/atca_basic_sha.o
                0x0000ad84                atcab_sha_start
 .text.atcab_sha_update
                0x0000ada8       0x28 cryptoauthlib/lib/basic/atca_basic_sha.o
                0x0000ada8                atcab_sha_update
 .text.atcab_sha_end
                0x0000add0       0x40 cryptoauthlib/lib/basic/atca_basic_sha.o
                0x0000add0                atcab_sha_end
 .text.atcab_sha
                0x0000ae10       0x30 cryptoauthlib/lib/basic/atca_basic_sha.o
                0x0000ae10                atcab_sha
 .text.atcab_hw_sha2_256_init
                0x0000ae40       0x2c cryptoauthlib/lib/basic/atca_basic_sha.o
                0x0000ae40                atcab_hw_sha2_256_init
 .text.atcab_hw_sha2_256_update
                0x0000ae6c      0x118 cryptoauthlib/lib/basic/atca_basic_sha.o
                0x0000ae6c                atcab_hw_sha2_256_update
 .text.atcab_hw_sha2_256_finish
                0x0000af84      0x1a0 cryptoauthlib/lib/basic/atca_basic_sha.o
                0x0000af84                atcab_hw_sha2_256_finish
 .text.atcab_hw_sha2_256
                0x0000b124       0xa0 cryptoauthlib/lib/basic/atca_basic_sha.o
                0x0000b124                atcab_hw_sha2_256
 .text.atcab_sha_hmac_init
                0x0000b1c4       0x40 cryptoauthlib/lib/basic/atca_basic_sha.o
                0x0000b1c4                atcab_sha_hmac_init
 .text.atcab_sha_hmac_update
                0x0000b204      0x12c cryptoauthlib/lib/basic/atca_basic_sha.o
                0x0000b204                atcab_sha_hmac_update
 .text.atcab_sha_hmac_finish
                0x0000b330       0x88 cryptoauthlib/lib/basic/atca_basic_sha.o
                0x0000b330                atcab_sha_hmac_finish
 .text.atcab_sha_hmac
                0x0000b3b8       0xac cryptoauthlib/lib/basic/atca_basic_sha.o
                0x0000b3b8                atcab_sha_hmac
 .text.atcab_updateextra
                0x0000b464       0xa8 cryptoauthlib/lib/basic/atca_basic_updateextra.o
                0x0000b464                atcab_updateextra
 .text.atcab_write
                0x0000b50c      0x110 cryptoauthlib/lib/basic/atca_basic_write.o
                0x0000b50c                atcab_write
 .text.atcab_write_zone
                0x0000b61c       0xcc cryptoauthlib/lib/basic/atca_basic_write.o
                0x0000b61c                atcab_write_zone
 .text.atcab_write_config_zone
                0x0000b6e8       0xc8 cryptoauthlib/lib/basic/atca_basic_write.o
                0x0000b6e8                atcab_write_config_zone
 .text.atcab_write_bytes_zone
                0x0000b7b0      0x1dc cryptoauthlib/lib/basic/atca_basic_write.o
                0x0000b7b0                atcab_write_bytes_zone
 .text.hal_iface_init
                0x0000b98c       0x9c cryptoauthlib/lib/hal/atca_hal.o
                0x0000b98c                hal_iface_init
 .text.hal_iface_release
                0x0000ba28       0x58 cryptoauthlib/lib/hal/atca_hal.o
                0x0000ba28                hal_iface_release
 .text.hal_i2c_init
                0x0000ba80      0x134 cryptoauthlib/lib/hal/hal_samd21_i2c_start.o
                0x0000ba80                hal_i2c_init
 .text.hal_i2c_post_init
                0x0000bbb4       0x12 cryptoauthlib/lib/hal/hal_samd21_i2c_start.o
                0x0000bbb4                hal_i2c_post_init
 *fill*         0x0000bbc6        0x2 
 .text.hal_i2c_send
                0x0000bbc8       0xa0 cryptoauthlib/lib/hal/hal_samd21_i2c_start.o
                0x0000bbc8                hal_i2c_send
 .text.hal_i2c_receive
                0x0000bc68       0xa4 cryptoauthlib/lib/hal/hal_samd21_i2c_start.o
                0x0000bc68                hal_i2c_receive
 .text.change_i2c_speed
                0x0000bd0c       0x80 cryptoauthlib/lib/hal/hal_samd21_i2c_start.o
                0x0000bd0c                change_i2c_speed
 .text.hal_i2c_wake
                0x0000bd8c      0x148 cryptoauthlib/lib/hal/hal_samd21_i2c_start.o
                0x0000bd8c                hal_i2c_wake
 .text.hal_i2c_idle
                0x0000bed4       0x84 cryptoauthlib/lib/hal/hal_samd21_i2c_start.o
                0x0000bed4                hal_i2c_idle
 .text.hal_i2c_sleep
                0x0000bf58       0x84 cryptoauthlib/lib/hal/hal_samd21_i2c_start.o
                0x0000bf58                hal_i2c_sleep
 .text.hal_i2c_release
                0x0000bfdc       0x7c cryptoauthlib/lib/hal/hal_samd21_i2c_start.o
                0x0000bfdc                hal_i2c_release
 .text.atca_delay_ms
                0x0000c058       0x20 cryptoauthlib/lib/hal/hal_samd21_timer_start.o
                0x0000c058                atca_delay_ms
 .text.vListInitialise
                0x0000c078       0x3c FreeRTOS/Source/list.o
                0x0000c078                vListInitialise
 .text.vListInitialiseItem
                0x0000c0b4       0x16 FreeRTOS/Source/list.o
                0x0000c0b4                vListInitialiseItem
 .text.vListInsertEnd
                0x0000c0ca       0x44 FreeRTOS/Source/list.o
                0x0000c0ca                vListInsertEnd
 .text.vListInsert
                0x0000c10e       0x6c FreeRTOS/Source/list.o
                0x0000c10e                vListInsert
 .text.uxListRemove
                0x0000c17a       0x50 FreeRTOS/Source/list.o
                0x0000c17a                uxListRemove
 *fill*         0x0000c1ca        0x2 
 .text.pxPortInitialiseStack
                0x0000c1cc       0x54 FreeRTOS/Source/portable/GCC/ARM _CM0/port.o
                0x0000c1cc                pxPortInitialiseStack
 .text.prvTaskExitError
                0x0000c220       0x2c FreeRTOS/Source/portable/GCC/ARM _CM0/port.o
 *fill*         0x0000c24c        0x4 
 .text.vPortStartFirstTask
                0x0000c250       0x38 FreeRTOS/Source/portable/GCC/ARM _CM0/port.o
 .text.xPortStartScheduler
                0x0000c288       0x58 FreeRTOS/Source/portable/GCC/ARM _CM0/port.o
                0x0000c288                xPortStartScheduler
 .text.vPortYield
                0x0000c2e0       0x20 FreeRTOS/Source/portable/GCC/ARM _CM0/port.o
                0x0000c2e0                vPortYield
 .text.vPortEnterCritical
                0x0000c300       0x24 FreeRTOS/Source/portable/GCC/ARM _CM0/port.o
                0x0000c300                vPortEnterCritical
 .text.vPortExitCritical
                0x0000c324       0x30 FreeRTOS/Source/portable/GCC/ARM _CM0/port.o
                0x0000c324                vPortExitCritical
 .text.ulSetInterruptMaskFromISR
                0x0000c354        0xc FreeRTOS/Source/portable/GCC/ARM _CM0/port.o
                0x0000c354                ulSetInterruptMaskFromISR
 .text.vClearInterruptMaskFromISR
                0x0000c360        0x8 FreeRTOS/Source/portable/GCC/ARM _CM0/port.o
                0x0000c360                vClearInterruptMaskFromISR
 *fill*         0x0000c368        0x8 
 .text.PendSV_Handler
                0x0000c370       0x48 FreeRTOS/Source/portable/GCC/ARM _CM0/port.o
                0x0000c370                PendSV_Handler
 .text.SysTick_Handler
                0x0000c3b8       0x40 FreeRTOS/Source/portable/GCC/ARM _CM0/port.o
                0x0000c3b8                SysTick_Handler
 .text.prvSetupTimerInterrupt
                0x0000c3f8       0x34 FreeRTOS/Source/portable/GCC/ARM _CM0/port.o
 .text.pvPortMalloc
                0x0000c42c      0x134 FreeRTOS/Source/portable/MemMang/heap_2.o
                0x0000c42c                pvPortMalloc
 .text.vPortFree
                0x0000c560       0x7c FreeRTOS/Source/portable/MemMang/heap_2.o
                0x0000c560                vPortFree
 .text.prvHeapInit
                0x0000c5dc       0x50 FreeRTOS/Source/portable/MemMang/heap_2.o
 .text.xQueueGenericReset
                0x0000c62c       0xbc FreeRTOS/Source/queue.o
                0x0000c62c                xQueueGenericReset
 .text.xQueueGenericCreate
                0x0000c6e8       0x6c FreeRTOS/Source/queue.o
                0x0000c6e8                xQueueGenericCreate
 .text.prvInitialiseNewQueue
                0x0000c754       0x58 FreeRTOS/Source/queue.o
 .text.prvInitialiseMutex
                0x0000c7ac       0x38 FreeRTOS/Source/queue.o
 .text.xQueueCreateMutex
                0x0000c7e4       0x40 FreeRTOS/Source/queue.o
                0x0000c7e4                xQueueCreateMutex
 .text.xQueueGenericSend
                0x0000c824      0x1c0 FreeRTOS/Source/queue.o
                0x0000c824                xQueueGenericSend
 .text.xQueueSemaphoreTake
                0x0000c9e4      0x1d4 FreeRTOS/Source/queue.o
                0x0000c9e4                xQueueSemaphoreTake
 .text.prvGetDisinheritPriorityAfterTimeout
                0x0000cbb8       0x2c FreeRTOS/Source/queue.o
 .text.prvCopyDataToQueue
                0x0000cbe4       0xe0 FreeRTOS/Source/queue.o
 .text.prvUnlockQueue
                0x0000ccc4       0xf0 FreeRTOS/Source/queue.o
 .text.prvIsQueueEmpty
                0x0000cdb4       0x34 FreeRTOS/Source/queue.o
 .text.prvIsQueueFull
                0x0000cde8       0x38 FreeRTOS/Source/queue.o
 .text.prvNotifyQueueSetContainer
                0x0000ce20       0xa4 FreeRTOS/Source/queue.o
 .text.xTaskCreate
                0x0000cec4       0xa0 FreeRTOS/Source/tasks.o
                0x0000cec4                xTaskCreate
 .text.prvInitialiseNewTask
                0x0000cf64      0x110 FreeRTOS/Source/tasks.o
 .text.prvAddNewTaskToReadyList
                0x0000d074       0xe4 FreeRTOS/Source/tasks.o
 .text.vTaskStartScheduler
                0x0000d158       0x74 FreeRTOS/Source/tasks.o
                0x0000d158                vTaskStartScheduler
 .text.vTaskSuspendAll
                0x0000d1cc       0x18 FreeRTOS/Source/tasks.o
                0x0000d1cc                vTaskSuspendAll
 .text.xTaskResumeAll
                0x0000d1e4      0x134 FreeRTOS/Source/tasks.o
                0x0000d1e4                xTaskResumeAll
 .text.xTaskIncrementTick
                0x0000d318      0x188 FreeRTOS/Source/tasks.o
                0x0000d318                xTaskIncrementTick
 .text.vTaskSwitchContext
                0x0000d4a0       0xc8 FreeRTOS/Source/tasks.o
                0x0000d4a0                vTaskSwitchContext
 .text.vTaskPlaceOnEventList
                0x0000d568       0x44 FreeRTOS/Source/tasks.o
                0x0000d568                vTaskPlaceOnEventList
 .text.xTaskRemoveFromEventList
                0x0000d5ac       0xc0 FreeRTOS/Source/tasks.o
                0x0000d5ac                xTaskRemoveFromEventList
 .text.vTaskInternalSetTimeOutState
                0x0000d66c       0x28 FreeRTOS/Source/tasks.o
                0x0000d66c                vTaskInternalSetTimeOutState
 .text.xTaskCheckForTimeOut
                0x0000d694       0xa0 FreeRTOS/Source/tasks.o
                0x0000d694                xTaskCheckForTimeOut
 .text.vTaskMissedYield
                0x0000d734       0x14 FreeRTOS/Source/tasks.o
                0x0000d734                vTaskMissedYield
 .text.prvIdleTask
                0x0000d748       0x28 FreeRTOS/Source/tasks.o
 .text.prvInitialiseTaskLists
                0x0000d770       0x74 FreeRTOS/Source/tasks.o
 .text.prvCheckTasksWaitingTermination
                0x0000d7e4        0xa FreeRTOS/Source/tasks.o
 *fill*         0x0000d7ee        0x2 
 .text.prvResetNextTaskUnblockTime
                0x0000d7f0       0x48 FreeRTOS/Source/tasks.o
 .text.xTaskPriorityInherit
                0x0000d838       0xe4 FreeRTOS/Source/tasks.o
                0x0000d838                xTaskPriorityInherit
 .text.xTaskPriorityDisinherit
                0x0000d91c       0xc0 FreeRTOS/Source/tasks.o
                0x0000d91c                xTaskPriorityDisinherit
 .text.vTaskPriorityDisinheritAfterTimeout
                0x0000d9dc       0xf0 FreeRTOS/Source/tasks.o
                0x0000d9dc                vTaskPriorityDisinheritAfterTimeout
 .text.pvTaskIncrementMutexHeldCount
                0x0000dacc       0x24 FreeRTOS/Source/tasks.o
                0x0000dacc                pvTaskIncrementMutexHeldCount
 .text.prvAddCurrentTaskToDelayedList
                0x0000daf0       0x90 FreeRTOS/Source/tasks.o
 .text.delay_init
                0x0000db80       0x28 hal/src/hal_delay.o
                0x0000db80                delay_init
 .text.delay_us
                0x0000dba8       0x38 hal/src/hal_delay.o
                0x0000dba8                delay_us
 .text.delay_ms
                0x0000dbe0       0x38 hal/src/hal_delay.o
                0x0000dbe0                delay_ms
 .text.ext_irq_init
                0x0000dc18       0x5c hal/src/hal_ext_irq.o
                0x0000dc18                ext_irq_init
 .text.ext_irq_register
                0x0000dc74      0x1d8 hal/src/hal_ext_irq.o
                0x0000dc74                ext_irq_register
 .text.process_ext_irq
                0x0000de4c       0xe0 hal/src/hal_ext_irq.o
 .text.flash_init
                0x0000df2c       0x48 hal/src/hal_flash.o
                0x0000df2c                flash_init
 .text.flash_read
                0x0000df74       0x6c hal/src/hal_flash.o
                0x0000df74                flash_read
 .text.flash_write
                0x0000dfe0       0x84 hal/src/hal_flash.o
                0x0000dfe0                flash_write
 .text.flash_ready
                0x0000e064       0x26 hal/src/hal_flash.o
 .text.flash_error
                0x0000e08a       0x26 hal/src/hal_flash.o
 .text.i2c_m_sync_read
                0x0000e0b0       0x68 hal/src/hal_i2c_m_sync.o
 .text.i2c_m_sync_write
                0x0000e118       0x68 hal/src/hal_i2c_m_sync.o
 .text.i2c_m_sync_init
                0x0000e180       0x48 hal/src/hal_i2c_m_sync.o
                0x0000e180                i2c_m_sync_init
 .text.i2c_m_sync_enable
                0x0000e1c8       0x20 hal/src/hal_i2c_m_sync.o
                0x0000e1c8                i2c_m_sync_enable
 .text.i2c_m_sync_disable
                0x0000e1e8       0x20 hal/src/hal_i2c_m_sync.o
                0x0000e1e8                i2c_m_sync_disable
 .text.i2c_m_sync_set_slaveaddr
                0x0000e208       0x40 hal/src/hal_i2c_m_sync.o
                0x0000e208                i2c_m_sync_set_slaveaddr
 .text.i2c_m_sync_set_baudrate
                0x0000e248       0x28 hal/src/hal_i2c_m_sync.o
                0x0000e248                i2c_m_sync_set_baudrate
 .text.i2c_m_sync_cmd_read
                0x0000e270       0xa8 hal/src/hal_i2c_m_sync.o
                0x0000e270                i2c_m_sync_cmd_read
 .text.i2c_m_sync_transfer
                0x0000e318       0x24 hal/src/hal_i2c_m_sync.o
                0x0000e318                i2c_m_sync_transfer
 .text.io_write
                0x0000e33c       0x26 hal/src/hal_io.o
                0x0000e33c                io_write
 .text.io_read  0x0000e362       0x26 hal/src/hal_io.o
                0x0000e362                io_read
 .text.spi_m_sync_init
                0x0000e388       0x5c hal/src/hal_spi_m_sync.o
                0x0000e388                spi_m_sync_init
 .text.spi_m_sync_enable
                0x0000e3e4       0x1c hal/src/hal_spi_m_sync.o
                0x0000e3e4                spi_m_sync_enable
 .text._spi_m_sync_io_read
                0x0000e400       0x4c hal/src/hal_spi_m_sync.o
 .text._spi_m_sync_io_write
                0x0000e44c       0x4c hal/src/hal_spi_m_sync.o
 .text.spi_m_sync_transfer
                0x0000e498       0x44 hal/src/hal_spi_m_sync.o
                0x0000e498                spi_m_sync_transfer
 .text.spi_m_sync_get_io_descriptor
                0x0000e4dc       0x1e hal/src/hal_spi_m_sync.o
                0x0000e4dc                spi_m_sync_get_io_descriptor
 *fill*         0x0000e4fa        0x2 
 .text.usart_sync_init
                0x0000e4fc       0x4c hal/src/hal_usart_sync.o
                0x0000e4fc                usart_sync_init
 .text.usart_sync_enable
                0x0000e548       0x20 hal/src/hal_usart_sync.o
                0x0000e548                usart_sync_enable
 .text.usart_sync_write
                0x0000e568       0xa0 hal/src/hal_usart_sync.o
 .text.usart_sync_read
                0x0000e608       0x68 hal/src/hal_usart_sync.o
 .text._sbrk    0x0000e670       0x3c hal/utils/src/utils_syscalls.o
                0x0000e670                _sbrk
 .text._close   0x0000e6ac       0x14 hal/utils/src/utils_syscalls.o
                0x0000e6ac                _close
 .text._fstat   0x0000e6c0       0x1c hal/utils/src/utils_syscalls.o
                0x0000e6c0                _fstat
 .text._isatty  0x0000e6dc       0x12 hal/utils/src/utils_syscalls.o
                0x0000e6dc                _isatty
 .text._lseek   0x0000e6ee       0x16 hal/utils/src/utils_syscalls.o
                0x0000e6ee                _lseek
 .text._exit    0x0000e704       0x20 hal/utils/src/utils_syscalls.o
                0x0000e704                _exit
 .text._kill    0x0000e724       0x12 hal/utils/src/utils_syscalls.o
                0x0000e724                _kill
 .text._getpid  0x0000e736        0xe hal/utils/src/utils_syscalls.o
                0x0000e736                _getpid
 .text._get_cycles_for_us_internal
                0x0000e744      0x108 hpl/core/hpl_core_m0plus_base.o
 .text._get_cycles_for_us
                0x0000e84c       0x2c hpl/core/hpl_core_m0plus_base.o
                0x0000e84c                _get_cycles_for_us
 .text._get_cycles_for_ms_internal
                0x0000e878       0xe8 hpl/core/hpl_core_m0plus_base.o
 .text._get_cycles_for_ms
                0x0000e960       0x2c hpl/core/hpl_core_m0plus_base.o
                0x0000e960                _get_cycles_for_ms
 .text.hri_nvmctrl_set_CTRLB_RWS_bf
                0x0000e98c       0x24 hpl/core/hpl_init.o
 .text._init_chip
                0x0000e9b0       0x44 hpl/core/hpl_init.o
                0x0000e9b0                _init_chip
 .text.__NVIC_EnableIRQ
                0x0000e9f4       0x34 hpl/eic/hpl_eic.o
 .text.__NVIC_DisableIRQ
                0x0000ea28       0x40 hpl/eic/hpl_eic.o
 .text.__NVIC_ClearPendingIRQ
                0x0000ea68       0x38 hpl/eic/hpl_eic.o
 .text.hri_eic_wait_for_sync
                0x0000eaa0       0x20 hpl/eic/hpl_eic.o
 .text.hri_eic_read_INTFLAG_reg
                0x0000eac0       0x14 hpl/eic/hpl_eic.o
 .text.hri_eic_clear_INTFLAG_reg
                0x0000ead4       0x18 hpl/eic/hpl_eic.o
 .text.hri_eic_set_INTEN_reg
                0x0000eaec       0x18 hpl/eic/hpl_eic.o
 .text.hri_eic_read_INTEN_reg
                0x0000eb04       0x14 hpl/eic/hpl_eic.o
 .text.hri_eic_clear_INTEN_reg
                0x0000eb18       0x18 hpl/eic/hpl_eic.o
 .text.hri_eic_set_CTRL_ENABLE_bit
                0x0000eb30       0x2c hpl/eic/hpl_eic.o
 .text.hri_eic_get_CTRL_reg
                0x0000eb5c       0x44 hpl/eic/hpl_eic.o
 .text.hri_eic_write_CTRL_reg
                0x0000eba0       0x2c hpl/eic/hpl_eic.o
 .text.hri_eic_write_NMICTRL_reg
                0x0000ebcc       0x1e hpl/eic/hpl_eic.o
 .text.hri_eic_write_EVCTRL_reg
                0x0000ebea       0x18 hpl/eic/hpl_eic.o
 .text.hri_eic_write_WAKEUP_reg
                0x0000ec02       0x18 hpl/eic/hpl_eic.o
 .text.hri_eic_write_CONFIG_reg
                0x0000ec1a       0x2a hpl/eic/hpl_eic.o
 .text.ffs      0x0000ec44       0x3c hpl/eic/hpl_eic.o
 .text._ext_irq_init
                0x0000ec80       0xd8 hpl/eic/hpl_eic.o
                0x0000ec80                _ext_irq_init
 .text._ext_irq_enable
                0x0000ed58       0xdc hpl/eic/hpl_eic.o
                0x0000ed58                _ext_irq_enable
 .text.EIC_Handler
                0x0000ee34      0x174 hpl/eic/hpl_eic.o
                0x0000ee34                EIC_Handler
 .text.hri_gclk_wait_for_sync
                0x0000efa8       0x20 hpl/gclk/hpl_gclk.o
 .text.hri_gclk_write_GENCTRL_reg
                0x0000efc8       0x24 hpl/gclk/hpl_gclk.o
 .text.hri_gclk_write_GENDIV_reg
                0x0000efec       0x18 hpl/gclk/hpl_gclk.o
 .text._gclk_init_generators_by_fref
                0x0000f004       0x68 hpl/gclk/hpl_gclk.o
                0x0000f004                _gclk_init_generators_by_fref
 .text.__NVIC_EnableIRQ
                0x0000f06c       0x34 hpl/nvmctrl/hpl_nvmctrl.o
 .text.__NVIC_DisableIRQ
                0x0000f0a0       0x40 hpl/nvmctrl/hpl_nvmctrl.o
 .text.__NVIC_ClearPendingIRQ
                0x0000f0e0       0x38 hpl/nvmctrl/hpl_nvmctrl.o
 .text.hri_nvmctrl_get_interrupt_READY_bit
                0x0000f118       0x22 hpl/nvmctrl/hpl_nvmctrl.o
 .text.hri_nvmctrl_clear_interrupt_READY_bit
                0x0000f13a       0x16 hpl/nvmctrl/hpl_nvmctrl.o
 .text.hri_nvmctrl_get_interrupt_ERROR_bit
                0x0000f150       0x22 hpl/nvmctrl/hpl_nvmctrl.o
 .text.hri_nvmctrl_clear_interrupt_ERROR_bit
                0x0000f172       0x16 hpl/nvmctrl/hpl_nvmctrl.o
 .text.hri_nvmctrl_write_CTRLA_reg
                0x0000f188       0x1e hpl/nvmctrl/hpl_nvmctrl.o
 .text.hri_nvmctrl_get_CTRLB_reg
                0x0000f1a6       0x22 hpl/nvmctrl/hpl_nvmctrl.o
 .text.hri_nvmctrl_write_CTRLB_reg
                0x0000f1c8       0x18 hpl/nvmctrl/hpl_nvmctrl.o
 .text.hri_nvmctrl_write_ADDR_reg
                0x0000f1e0       0x18 hpl/nvmctrl/hpl_nvmctrl.o
 .text.hri_nvmctrl_get_LOCK_reg
                0x0000f1f8       0x38 hpl/nvmctrl/hpl_nvmctrl.o
 .text.hri_nvmctrl_clear_STATUS_reg
                0x0000f230       0x1e hpl/nvmctrl/hpl_nvmctrl.o
 *fill*         0x0000f24e        0x2 
 .text._flash_init
                0x0000f250       0x7c hpl/nvmctrl/hpl_nvmctrl.o
                0x0000f250                _flash_init
 .text._flash_get_page_size
                0x0000f2cc       0x12 hpl/nvmctrl/hpl_nvmctrl.o
                0x0000f2cc                _flash_get_page_size
 .text._flash_get_total_pages
                0x0000f2de       0x14 hpl/nvmctrl/hpl_nvmctrl.o
                0x0000f2de                _flash_get_total_pages
 *fill*         0x0000f2f2        0x2 
 .text._flash_read
                0x0000f2f4       0xd4 hpl/nvmctrl/hpl_nvmctrl.o
                0x0000f2f4                _flash_read
 .text._flash_write
                0x0000f3c8      0x20c hpl/nvmctrl/hpl_nvmctrl.o
                0x0000f3c8                _flash_write
 .text._flash_is_locked
                0x0000f5d4       0x40 hpl/nvmctrl/hpl_nvmctrl.o
                0x0000f5d4                _flash_is_locked
 .text._flash_erase_row
                0x0000f614       0x68 hpl/nvmctrl/hpl_nvmctrl.o
 .text._flash_program
                0x0000f67c      0x130 hpl/nvmctrl/hpl_nvmctrl.o
 .text.NVMCTRL_Handler
                0x0000f7ac       0x84 hpl/nvmctrl/hpl_nvmctrl.o
                0x0000f7ac                NVMCTRL_Handler
 .text.hri_pm_set_CPUSEL_CPUDIV_bf
                0x0000f830       0x2e hpl/pm/hpl_pm.o
 .text.hri_pm_set_APBASEL_APBADIV_bf
                0x0000f85e       0x2e hpl/pm/hpl_pm.o
 .text.hri_pm_set_APBBSEL_APBBDIV_bf
                0x0000f88c       0x2e hpl/pm/hpl_pm.o
 .text.hri_pm_set_APBCSEL_APBCDIV_bf
                0x0000f8ba       0x2e hpl/pm/hpl_pm.o
 .text._pm_init
                0x0000f8e8       0x48 hpl/pm/hpl_pm.o
                0x0000f8e8                _pm_init
 .text.hri_sercomi2cm_wait_for_sync
                0x0000f930       0x1e hpl/sercom/hpl_sercom.o
 .text.hri_sercomi2cm_is_syncing
                0x0000f94e       0x20 hpl/sercom/hpl_sercom.o
 .text.hri_sercomspi_wait_for_sync
                0x0000f96e       0x1e hpl/sercom/hpl_sercom.o
 .text.hri_sercomspi_is_syncing
                0x0000f98c       0x20 hpl/sercom/hpl_sercom.o
 .text.hri_sercomusart_wait_for_sync
                0x0000f9ac       0x1e hpl/sercom/hpl_sercom.o
 .text.hri_sercomusart_is_syncing
                0x0000f9ca       0x20 hpl/sercom/hpl_sercom.o
 .text.hri_sercomi2cm_clear_interrupt_MB_bit
                0x0000f9ea       0x16 hpl/sercom/hpl_sercom.o
 .text.hri_sercomi2cm_clear_interrupt_SB_bit
                0x0000fa00       0x16 hpl/sercom/hpl_sercom.o
 .text.hri_sercomi2cm_read_INTFLAG_reg
                0x0000fa16       0x16 hpl/sercom/hpl_sercom.o
 .text.hri_sercomspi_get_INTFLAG_reg
                0x0000fa2c       0x38 hpl/sercom/hpl_sercom.o
 .text.hri_sercomspi_read_INTFLAG_reg
                0x0000fa64       0x16 hpl/sercom/hpl_sercom.o
 .text.hri_sercomspi_clear_INTFLAG_reg
                0x0000fa7a       0x1e hpl/sercom/hpl_sercom.o
 .text.hri_sercomusart_get_interrupt_DRE_bit
                0x0000fa98       0x22 hpl/sercom/hpl_sercom.o
 .text.hri_sercomusart_get_interrupt_TXC_bit
                0x0000faba       0x22 hpl/sercom/hpl_sercom.o
 .text.hri_sercomusart_get_interrupt_RXC_bit
                0x0000fadc       0x22 hpl/sercom/hpl_sercom.o
 *fill*         0x0000fafe        0x2 
 .text.hri_sercomi2cm_set_CTRLA_ENABLE_bit
                0x0000fb00       0x2c hpl/sercom/hpl_sercom.o
 .text.hri_sercomi2cm_get_CTRLA_ENABLE_bit
                0x0000fb2c       0x38 hpl/sercom/hpl_sercom.o
 .text.hri_sercomi2cm_clear_CTRLA_ENABLE_bit
                0x0000fb64       0x2c hpl/sercom/hpl_sercom.o
 .text.hri_sercomi2cm_get_CTRLA_SCLSM_bit
                0x0000fb90       0x28 hpl/sercom/hpl_sercom.o
 .text.hri_sercomi2cm_get_CTRLA_reg
                0x0000fbb8       0x30 hpl/sercom/hpl_sercom.o
 .text.hri_sercomi2cm_write_CTRLA_reg
                0x0000fbe8       0x28 hpl/sercom/hpl_sercom.o
 .text.hri_sercomspi_set_CTRLA_ENABLE_bit
                0x0000fc10       0x2c hpl/sercom/hpl_sercom.o
 .text.hri_sercomspi_get_CTRLA_ENABLE_bit
                0x0000fc3c       0x38 hpl/sercom/hpl_sercom.o
 .text.hri_sercomspi_clear_CTRLA_ENABLE_bit
                0x0000fc74       0x2c hpl/sercom/hpl_sercom.o
 .text.hri_sercomspi_get_CTRLA_reg
                0x0000fca0       0x30 hpl/sercom/hpl_sercom.o
 .text.hri_sercomspi_write_CTRLA_reg
                0x0000fcd0       0x28 hpl/sercom/hpl_sercom.o
 .text.hri_sercomusart_set_CTRLA_ENABLE_bit
                0x0000fcf8       0x2c hpl/sercom/hpl_sercom.o
 .text.hri_sercomusart_clear_CTRLA_ENABLE_bit
                0x0000fd24       0x2c hpl/sercom/hpl_sercom.o
 .text.hri_sercomusart_get_CTRLA_reg
                0x0000fd50       0x30 hpl/sercom/hpl_sercom.o
 .text.hri_sercomusart_write_CTRLA_reg
                0x0000fd80       0x28 hpl/sercom/hpl_sercom.o
 .text.hri_sercomi2cm_set_CTRLB_ACKACT_bit
                0x0000fda8       0x1e hpl/sercom/hpl_sercom.o
 *fill*         0x0000fdc6        0x2 
 .text.hri_sercomi2cm_clear_CTRLB_ACKACT_bit
                0x0000fdc8       0x20 hpl/sercom/hpl_sercom.o
 .text.hri_sercomi2cm_set_CTRLB_CMD_bf
                0x0000fde8       0x26 hpl/sercom/hpl_sercom.o
 .text.hri_sercomi2cm_write_CTRLB_reg
                0x0000fe0e       0x18 hpl/sercom/hpl_sercom.o
 *fill*         0x0000fe26        0x2 
 .text.hri_sercomspi_write_CTRLB_reg
                0x0000fe28       0x28 hpl/sercom/hpl_sercom.o
 .text.hri_sercomusart_write_CTRLB_reg
                0x0000fe50       0x28 hpl/sercom/hpl_sercom.o
 .text.hri_sercomi2cm_write_BAUD_BAUD_bf
                0x0000fe78       0x32 hpl/sercom/hpl_sercom.o
 *fill*         0x0000feaa        0x2 
 .text.hri_sercomi2cm_write_BAUD_HSBAUD_bf
                0x0000feac       0x3c hpl/sercom/hpl_sercom.o
 .text.hri_sercomi2cm_write_BAUD_reg
                0x0000fee8       0x18 hpl/sercom/hpl_sercom.o
 .text.hri_sercomspi_write_BAUD_reg
                0x0000ff00       0x1e hpl/sercom/hpl_sercom.o
 .text.hri_sercomusart_write_BAUD_reg
                0x0000ff1e       0x1e hpl/sercom/hpl_sercom.o
 .text.hri_sercomusart_write_RXPL_reg
                0x0000ff3c       0x1e hpl/sercom/hpl_sercom.o
 *fill*         0x0000ff5a        0x2 
 .text.hri_sercomi2cm_write_ADDR_HS_bit
                0x0000ff5c       0x3c hpl/sercom/hpl_sercom.o
 .text.hri_sercomi2cm_write_ADDR_reg
                0x0000ff98       0x18 hpl/sercom/hpl_sercom.o
 .text.hri_sercomi2cm_read_ADDR_reg
                0x0000ffb0       0x14 hpl/sercom/hpl_sercom.o
 .text.hri_sercomspi_write_ADDR_reg
                0x0000ffc4       0x18 hpl/sercom/hpl_sercom.o
 .text.hri_sercomi2cm_write_DATA_reg
                0x0000ffdc       0x20 hpl/sercom/hpl_sercom.o
 .text.hri_sercomi2cm_read_DATA_reg
                0x0000fffc       0x18 hpl/sercom/hpl_sercom.o
 .text.hri_sercomspi_write_DATA_reg
                0x00010014       0x18 hpl/sercom/hpl_sercom.o
 .text.hri_sercomspi_read_DATA_reg
                0x0001002c       0x14 hpl/sercom/hpl_sercom.o
 .text.hri_sercomusart_write_DATA_reg
                0x00010040       0x1e hpl/sercom/hpl_sercom.o
 .text.hri_sercomusart_read_DATA_reg
                0x0001005e       0x16 hpl/sercom/hpl_sercom.o
 .text.hri_sercomspi_write_DBGCTRL_reg
                0x00010074       0x20 hpl/sercom/hpl_sercom.o
 .text.hri_sercomusart_write_DBGCTRL_reg
                0x00010094       0x20 hpl/sercom/hpl_sercom.o
 .text.hri_sercomi2cm_read_STATUS_BUSSTATE_bf
                0x000100b4       0x20 hpl/sercom/hpl_sercom.o
 .text.hri_sercomi2cm_clear_STATUS_reg
                0x000100d4       0x1e hpl/sercom/hpl_sercom.o
 .text.hri_sercomi2cm_read_STATUS_reg
                0x000100f2       0x16 hpl/sercom/hpl_sercom.o
 .text.hri_sercomspi_clear_STATUS_reg
                0x00010108       0x1e hpl/sercom/hpl_sercom.o
 *fill*         0x00010126        0x2 
 .text._usart_sync_init
                0x00010128       0x28 hpl/sercom/hpl_sercom.o
                0x00010128                _usart_sync_init
 .text._usart_sync_enable
                0x00010150       0x20 hpl/sercom/hpl_sercom.o
                0x00010150                _usart_sync_enable
 .text._usart_sync_write_byte
                0x00010170       0x2c hpl/sercom/hpl_sercom.o
                0x00010170                _usart_sync_write_byte
 .text._usart_sync_read_byte
                0x0001019c       0x24 hpl/sercom/hpl_sercom.o
                0x0001019c                _usart_sync_read_byte
 .text._usart_sync_is_ready_to_send
                0x000101c0       0x20 hpl/sercom/hpl_sercom.o
                0x000101c0                _usart_sync_is_ready_to_send
 .text._usart_sync_is_transmit_done
                0x000101e0       0x20 hpl/sercom/hpl_sercom.o
                0x000101e0                _usart_sync_is_transmit_done
 .text._usart_sync_is_byte_received
                0x00010200       0x20 hpl/sercom/hpl_sercom.o
                0x00010200                _usart_sync_is_byte_received
 .text._sercom_get_hardware_index
                0x00010220       0x20 hpl/sercom/hpl_sercom.o
 .text._get_sercom_index
                0x00010240       0x70 hpl/sercom/hpl_sercom.o
 .text._usart_init
                0x000102b0      0x1fc hpl/sercom/hpl_sercom.o
 .text._get_i2cm_index
                0x000104ac       0x74 hpl/sercom/hpl_sercom.o
 .text._sercom_i2c_send_stop
                0x00010520       0x20 hpl/sercom/hpl_sercom.o
 .text._sercom_i2c_sync_analyse_flags
                0x00010540      0x258 hpl/sercom/hpl_sercom.o
 .text._i2c_m_sync_init
                0x00010798       0x2c hpl/sercom/hpl_sercom.o
                0x00010798                _i2c_m_sync_init
 .text._i2c_m_sync_enable
                0x000107c4       0x20 hpl/sercom/hpl_sercom.o
                0x000107c4                _i2c_m_sync_enable
 .text._i2c_m_sync_disable
                0x000107e4       0x24 hpl/sercom/hpl_sercom.o
                0x000107e4                _i2c_m_sync_disable
 .text._i2c_m_sync_set_baudrate
                0x00010808      0x210 hpl/sercom/hpl_sercom.o
                0x00010808                _i2c_m_sync_set_baudrate
 .text._sercom_i2c_sync_wait_bus
                0x00010a18       0x5c hpl/sercom/hpl_sercom.o
 .text._sercom_i2c_sync_send_address
                0x00010a74      0x120 hpl/sercom/hpl_sercom.o
 .text._i2c_m_sync_transfer
                0x00010b94       0xe4 hpl/sercom/hpl_sercom.o
                0x00010b94                _i2c_m_sync_transfer
 .text._i2c_m_enable_implementation
                0x00010c78       0x54 hpl/sercom/hpl_sercom.o
 .text._i2c_m_sync_init_impl
                0x00010ccc      0x174 hpl/sercom/hpl_sercom.o
 .text._spi_sync_enable
                0x00010e40       0x38 hpl/sercom/hpl_sercom.o
 .text._spi_load_regs_master
                0x00010e78       0x98 hpl/sercom/hpl_sercom.o
 .text._spi_load_regs_slave
                0x00010f10       0xc8 hpl/sercom/hpl_sercom.o
 .text._spi_get_regs
                0x00010fd8       0x6c hpl/sercom/hpl_sercom.o
 .text._spi_m_sync_init
                0x00011044      0x134 hpl/sercom/hpl_sercom.o
                0x00011044                _spi_m_sync_init
 .text._spi_m_sync_enable
                0x00011178       0x20 hpl/sercom/hpl_sercom.o
                0x00011178                _spi_m_sync_enable
 .text._spi_wait_bus_idle
                0x00011198       0x34 hpl/sercom/hpl_sercom.o
 .text._spi_rx_check_and_receive
                0x000111cc       0x70 hpl/sercom/hpl_sercom.o
 .text._spi_tx_check_and_send
                0x0001123c       0x80 hpl/sercom/hpl_sercom.o
 .text._spi_err_check
                0x000112bc       0x44 hpl/sercom/hpl_sercom.o
 .text._spi_m_sync_trans
                0x00011300      0x128 hpl/sercom/hpl_sercom.o
                0x00011300                _spi_m_sync_trans
 .text.hri_gclk_get_STATUS_SYNCBUSY_bit
                0x00011428       0x22 hpl/sysctrl/hpl_sysctrl.o
 .text.hri_gclk_write_CLKCTRL_reg
                0x0001144a       0x1e hpl/sysctrl/hpl_sysctrl.o
 .text.hri_sysctrl_get_PCLKSR_XOSC32KRDY_bit
                0x00011468       0x20 hpl/sysctrl/hpl_sysctrl.o
 .text.hri_sysctrl_get_PCLKSR_DFLLRDY_bit
                0x00011488       0x20 hpl/sysctrl/hpl_sysctrl.o
 .text.hri_sysctrl_get_PCLKSR_reg
                0x000114a8       0x22 hpl/sysctrl/hpl_sysctrl.o
 .text.hri_sysctrl_write_XOSC32K_reg
                0x000114ca       0x1e hpl/sysctrl/hpl_sysctrl.o
 .text.hri_sysctrl_set_OSC32K_ENABLE_bit
                0x000114e8       0x1c hpl/sysctrl/hpl_sysctrl.o
 .text.hri_sysctrl_clear_OSC32K_ENABLE_bit
                0x00011504       0x1e hpl/sysctrl/hpl_sysctrl.o
 .text.hri_sysctrl_get_DFLLCTRL_MODE_bit
                0x00011522       0x3a hpl/sysctrl/hpl_sysctrl.o
 .text.hri_sysctrl_write_DFLLCTRL_reg
                0x0001155c       0x1e hpl/sysctrl/hpl_sysctrl.o
 .text.hri_sysctrl_write_DFLLVAL_reg
                0x0001157a       0x18 hpl/sysctrl/hpl_sysctrl.o
 .text.hri_sysctrl_write_DFLLMUL_reg
                0x00011592       0x18 hpl/sysctrl/hpl_sysctrl.o
 *fill*         0x000115aa        0x2 
 .text._sysctrl_init_sources
                0x000115ac       0x4c hpl/sysctrl/hpl_sysctrl.o
                0x000115ac                _sysctrl_init_sources
 .text._sysctrl_init_referenced_generators
                0x000115f8      0x100 hpl/sysctrl/hpl_sysctrl.o
                0x000115f8                _sysctrl_init_referenced_generators
 .text._system_time_init
                0x000116f8       0x24 hpl/systick/hpl_systick.o
                0x000116f8                _system_time_init
 .text._delay_init
                0x0001171c       0x1c hpl/systick/hpl_systick.o
                0x0001171c                _delay_init
 .text._delay_cycles
                0x00011738       0x80 hpl/systick/hpl_systick.o
                0x00011738                _delay_cycles
 .text.ac_init  0x000117b8       0x50 src/ac.o
                0x000117b8                ac_init
 .text.ac_start
                0x00011808       0xb4 src/ac.o
                0x00011808                ac_start
 .text.ac_reset
                0x000118bc       0x14 src/ac.o
                0x000118bc                ac_reset
 .text.ac_getstate
                0x000118d0       0x14 src/ac.o
                0x000118d0                ac_getstate
 .text.ac_send_telemetry
                0x000118e4       0x68 src/ac.o
                0x000118e4                ac_send_telemetry
 .text.ac_main_task
                0x0001194c      0x1a4 src/ac.o
                0x0001194c                ac_main_task
 .text._ac_new_state
                0x00011af0       0x44 src/ac.o
 .text.ac_data_setdefaults
                0x00011b34      0x128 src/ac_data.o
                0x00011b34                ac_data_setdefaults
 .text.ac_data_gw_name_set
                0x00011c5c       0x24 src/ac_data.o
                0x00011c5c                ac_data_gw_name_set
 .text.ac_data_gw_name_get
                0x00011c80       0x10 src/ac_data.o
                0x00011c80                ac_data_gw_name_get
 .text.ac_data_gw_HID_set
                0x00011c90       0x38 src/ac_data.o
                0x00011c90                ac_data_gw_HID_set
 .text.ac_data_gw_HID_get
                0x00011cc8       0x10 src/ac_data.o
                0x00011cc8                ac_data_gw_HID_get
 .text.ac_data_gw_UID_set
                0x00011cd8       0x24 src/ac_data.o
                0x00011cd8                ac_data_gw_UID_set
 .text.ac_data_gw_UID_get
                0x00011cfc       0x10 src/ac_data.o
                0x00011cfc                ac_data_gw_UID_get
 .text.ac_data_gw_registered_set
                0x00011d0c       0x20 src/ac_data.o
                0x00011d0c                ac_data_gw_registered_set
 .text.ac_data_gw_registered_get
                0x00011d2c       0x14 src/ac_data.o
                0x00011d2c                ac_data_gw_registered_get
 .text.ac_data_dev_name_set
                0x00011d40       0x24 src/ac_data.o
                0x00011d40                ac_data_dev_name_set
 .text.ac_data_dev_name_get
                0x00011d64       0x10 src/ac_data.o
                0x00011d64                ac_data_dev_name_get
 .text.ac_data_dev_HID_set
                0x00011d74       0x24 src/ac_data.o
                0x00011d74                ac_data_dev_HID_set
 .text.ac_data_dev_HID_get
                0x00011d98       0x10 src/ac_data.o
                0x00011d98                ac_data_dev_HID_get
 .text.ac_data_dev_UID_set
                0x00011da8       0x24 src/ac_data.o
                0x00011da8                ac_data_dev_UID_set
 .text.ac_data_dev_UID_get
                0x00011dcc       0x10 src/ac_data.o
                0x00011dcc                ac_data_dev_UID_get
 .text.ac_data_dev_registered_set
                0x00011ddc       0x20 src/ac_data.o
                0x00011ddc                ac_data_dev_registered_set
 .text.ac_data_dev_registered_get
                0x00011dfc       0x14 src/ac_data.o
                0x00011dfc                ac_data_dev_registered_get
 .text.ac_data_apikey_set
                0x00011e10       0x24 src/ac_data.o
                0x00011e10                ac_data_apikey_set
 .text.ac_data_apikey_get
                0x00011e34       0x10 src/ac_data.o
                0x00011e34                ac_data_apikey_get
 .text.ac_data_secret_set
                0x00011e44       0x24 src/ac_data.o
                0x00011e44                ac_data_secret_set
 .text.ac_data_secret_get
                0x00011e68       0x10 src/ac_data.o
                0x00011e68                ac_data_secret_get
 .text.ac_message_get
                0x00011e78       0x10 src/ac_data.o
                0x00011e78                ac_message_get
 .text.ac_message_set
                0x00011e88       0x38 src/ac_data.o
                0x00011e88                ac_message_set
 .text.ac_data_print
                0x00011ec0      0x138 src/ac_data.o
                0x00011ec0                ac_data_print
 .text.app_main_task
                0x00011ff8      0x130 src/app.o
                0x00011ff8                app_main_task
 .text.app_req_network_test
                0x00012128       0x14 src/app.o
                0x00012128                app_req_network_test
 .text.app_req_timeupdate
                0x0001213c       0x14 src/app.o
                0x0001213c                app_req_timeupdate
 .text.app_set_ntphost
                0x00012150       0x38 src/app.o
                0x00012150                app_set_ntphost
 .text.app_info
                0x00012188       0x84 src/app.o
                0x00012188                app_info
 .text.app_autostart_set
                0x0001220c       0x48 src/app.o
                0x0001220c                app_autostart_set
 .text.app_autostart_get
                0x00012254       0x14 src/app.o
                0x00012254                app_autostart_get
 .text.app_req_start
                0x00012268       0x14 src/app.o
                0x00012268                app_req_start
 .text._app_main_statemachine
                0x0001227c      0x34c src/app.o
 .text._app_state_str
                0x000125c8       0x7c src/app.o
 .text.hri_port_toggle_OUT_reg
                0x00012644       0x2c src/console.o
 .text._gpio_toggle_level
                0x00012670       0x2c src/console.o
 .text.gpio_toggle_pin_level
                0x0001269c       0x34 src/console.o
 .text.console_init
                0x000126d0       0x54 src/console.o
                0x000126d0                console_init
 .text.console_engineering_get
                0x00012724       0x14 src/console.o
                0x00012724                console_engineering_get