ARM GAS  C:\Users\ddemidov\AppData\Local\Temp\ccME9wl9.s 			page 1


   1              		.cpu cortex-m0
   2              		.fpu softvfp
   3              		.eabi_attribute 20, 1
   4              		.eabi_attribute 21, 1
   5              		.eabi_attribute 23, 3
   6              		.eabi_attribute 24, 1
   7              		.eabi_attribute 25, 1
   8              		.eabi_attribute 26, 1
   9              		.eabi_attribute 30, 4
  10              		.eabi_attribute 34, 0
  11              		.eabi_attribute 18, 4
  12              		.code	16
  13              		.file	"wc_port.c"
  14              		.text
  15              	.Ltext0:
  16              		.cfi_sections	.debug_frame
  17              		.section	.text.wolfCrypt_Init,"ax",%progbits
  18              		.align	1
  19              		.global	wolfCrypt_Init
  20              		.code	16
  21              		.thumb_func
  22              		.type	wolfCrypt_Init, %function
  23              	wolfCrypt_Init:
  24              	.LFB0:
  25              		.file 1 "..\\acn-sdk-c\\src\\wolfSSL\\wolfcrypt\\src\\wc_port.c"
   1:..\acn-sdk-c\src\wolfSSL\wolfcrypt\src/wc_port.c **** /* port.c
   2:..\acn-sdk-c\src\wolfSSL\wolfcrypt\src/wc_port.c ****  *
   3:..\acn-sdk-c\src\wolfSSL\wolfcrypt\src/wc_port.c ****  * Copyright (C) 2006-2016 wolfSSL Inc.
   4:..\acn-sdk-c\src\wolfSSL\wolfcrypt\src/wc_port.c ****  *
   5:..\acn-sdk-c\src\wolfSSL\wolfcrypt\src/wc_port.c ****  * This file is part of wolfSSL.
   6:..\acn-sdk-c\src\wolfSSL\wolfcrypt\src/wc_port.c ****  *
   7:..\acn-sdk-c\src\wolfSSL\wolfcrypt\src/wc_port.c ****  * wolfSSL is free software; you can redistribute it and/or modify
   8:..\acn-sdk-c\src\wolfSSL\wolfcrypt\src/wc_port.c ****  * it under the terms of the GNU General Public License as published by
   9:..\acn-sdk-c\src\wolfSSL\wolfcrypt\src/wc_port.c ****  * the Free Software Foundation; either version 2 of the License, or
  10:..\acn-sdk-c\src\wolfSSL\wolfcrypt\src/wc_port.c ****  * (at your option) any later version.
  11:..\acn-sdk-c\src\wolfSSL\wolfcrypt\src/wc_port.c ****  *
  12:..\acn-sdk-c\src\wolfSSL\wolfcrypt\src/wc_port.c ****  * wolfSSL is distributed in the hope that it will be useful,
  13:..\acn-sdk-c\src\wolfSSL\wolfcrypt\src/wc_port.c ****  * but WITHOUT ANY WARRANTY; without even the implied warranty of
  14:..\acn-sdk-c\src\wolfSSL\wolfcrypt\src/wc_port.c ****  * MERCHANTABILITY or FITNESS FOR A PARTICULAR PURPOSE.  See the
  15:..\acn-sdk-c\src\wolfSSL\wolfcrypt\src/wc_port.c ****  * GNU General Public License for more details.
  16:..\acn-sdk-c\src\wolfSSL\wolfcrypt\src/wc_port.c ****  *
  17:..\acn-sdk-c\src\wolfSSL\wolfcrypt\src/wc_port.c ****  * You should have received a copy of the GNU General Public License
  18:..\acn-sdk-c\src\wolfSSL\wolfcrypt\src/wc_port.c ****  * along with this program; if not, write to the Free Software
  19:..\acn-sdk-c\src\wolfSSL\wolfcrypt\src/wc_port.c ****  * Foundation, Inc., 51 Franklin Street, Fifth Floor, Boston, MA 02110-1335, USA
  20:..\acn-sdk-c\src\wolfSSL\wolfcrypt\src/wc_port.c ****  */
  21:..\acn-sdk-c\src\wolfSSL\wolfcrypt\src/wc_port.c **** 
  22:..\acn-sdk-c\src\wolfSSL\wolfcrypt\src/wc_port.c **** 
  23:..\acn-sdk-c\src\wolfSSL\wolfcrypt\src/wc_port.c **** #ifdef HAVE_CONFIG_H
  24:..\acn-sdk-c\src\wolfSSL\wolfcrypt\src/wc_port.c ****     #include <config.h>
  25:..\acn-sdk-c\src\wolfSSL\wolfcrypt\src/wc_port.c **** #endif
  26:..\acn-sdk-c\src\wolfSSL\wolfcrypt\src/wc_port.c **** 
  27:..\acn-sdk-c\src\wolfSSL\wolfcrypt\src/wc_port.c **** #include <wolfssl/wolfcrypt/settings.h>
  28:..\acn-sdk-c\src\wolfSSL\wolfcrypt\src/wc_port.c **** #include <wolfssl/wolfcrypt/types.h>
  29:..\acn-sdk-c\src\wolfSSL\wolfcrypt\src/wc_port.c **** #include <wolfssl/wolfcrypt/error-crypt.h>
  30:..\acn-sdk-c\src\wolfSSL\wolfcrypt\src/wc_port.c **** #include <wolfssl/wolfcrypt/logging.h>
  31:..\acn-sdk-c\src\wolfSSL\wolfcrypt\src/wc_port.c **** 
  32:..\acn-sdk-c\src\wolfSSL\wolfcrypt\src/wc_port.c **** /* IPP header files for library initialization */
ARM GAS  C:\Users\ddemidov\AppData\Local\Temp\ccME9wl9.s 			page 2


  33:..\acn-sdk-c\src\wolfSSL\wolfcrypt\src/wc_port.c **** #ifdef HAVE_FAST_RSA
  34:..\acn-sdk-c\src\wolfSSL\wolfcrypt\src/wc_port.c **** #include <ipp.h>
  35:..\acn-sdk-c\src\wolfSSL\wolfcrypt\src/wc_port.c **** #include <ippcp.h>
  36:..\acn-sdk-c\src\wolfSSL\wolfcrypt\src/wc_port.c **** #endif
  37:..\acn-sdk-c\src\wolfSSL\wolfcrypt\src/wc_port.c **** 
  38:..\acn-sdk-c\src\wolfSSL\wolfcrypt\src/wc_port.c **** #ifdef _MSC_VER
  39:..\acn-sdk-c\src\wolfSSL\wolfcrypt\src/wc_port.c ****     /* 4996 warning to use MS extensions e.g., strcpy_s instead of strncpy */
  40:..\acn-sdk-c\src\wolfSSL\wolfcrypt\src/wc_port.c ****     #pragma warning(disable: 4996)
  41:..\acn-sdk-c\src\wolfSSL\wolfcrypt\src/wc_port.c **** #endif
  42:..\acn-sdk-c\src\wolfSSL\wolfcrypt\src/wc_port.c **** 
  43:..\acn-sdk-c\src\wolfSSL\wolfcrypt\src/wc_port.c **** 
  44:..\acn-sdk-c\src\wolfSSL\wolfcrypt\src/wc_port.c **** /* Used to initialize state for wolfcrypt
  45:..\acn-sdk-c\src\wolfSSL\wolfcrypt\src/wc_port.c ****    return 0 on success
  46:..\acn-sdk-c\src\wolfSSL\wolfcrypt\src/wc_port.c ****  */
  47:..\acn-sdk-c\src\wolfSSL\wolfcrypt\src/wc_port.c **** int wolfCrypt_Init()
  48:..\acn-sdk-c\src\wolfSSL\wolfcrypt\src/wc_port.c **** {
  26              		.loc 1 48 0
  27              		.cfi_startproc
  28              	.LVL0:
  49:..\acn-sdk-c\src\wolfSSL\wolfcrypt\src/wc_port.c ****     int ret = 0;
  50:..\acn-sdk-c\src\wolfSSL\wolfcrypt\src/wc_port.c ****     #if WOLFSSL_CRYPT_HW_MUTEX
  51:..\acn-sdk-c\src\wolfSSL\wolfcrypt\src/wc_port.c ****         /* If crypto hardware mutex protection is enabled, then initialize it */
  52:..\acn-sdk-c\src\wolfSSL\wolfcrypt\src/wc_port.c ****         wolfSSL_CryptHwMutexInit();
  53:..\acn-sdk-c\src\wolfSSL\wolfcrypt\src/wc_port.c ****     #endif
  54:..\acn-sdk-c\src\wolfSSL\wolfcrypt\src/wc_port.c **** 
  55:..\acn-sdk-c\src\wolfSSL\wolfcrypt\src/wc_port.c ****     /* if defined have fast RSA then initialize Intel IPP */
  56:..\acn-sdk-c\src\wolfSSL\wolfcrypt\src/wc_port.c ****     #ifdef HAVE_FAST_RSA
  57:..\acn-sdk-c\src\wolfSSL\wolfcrypt\src/wc_port.c ****         WOLFSSL_MSG("Attempting to use optimized IPP Library");
  58:..\acn-sdk-c\src\wolfSSL\wolfcrypt\src/wc_port.c ****         if ((ret = ippInit()) != ippStsNoErr) {
  59:..\acn-sdk-c\src\wolfSSL\wolfcrypt\src/wc_port.c ****             /* possible to get a CPU feature support status on optimized IPP
  60:..\acn-sdk-c\src\wolfSSL\wolfcrypt\src/wc_port.c ****               library but still use default library and see competitive speeds */
  61:..\acn-sdk-c\src\wolfSSL\wolfcrypt\src/wc_port.c ****             WOLFSSL_MSG("Warning when trying to set up optimization");
  62:..\acn-sdk-c\src\wolfSSL\wolfcrypt\src/wc_port.c ****             WOLFSSL_MSG(ippGetStatusString(ret));
  63:..\acn-sdk-c\src\wolfSSL\wolfcrypt\src/wc_port.c ****             WOLFSSL_MSG("Using default fast IPP library");
  64:..\acn-sdk-c\src\wolfSSL\wolfcrypt\src/wc_port.c ****             ret = 0;
  65:..\acn-sdk-c\src\wolfSSL\wolfcrypt\src/wc_port.c ****         }
  66:..\acn-sdk-c\src\wolfSSL\wolfcrypt\src/wc_port.c ****     #endif
  67:..\acn-sdk-c\src\wolfSSL\wolfcrypt\src/wc_port.c **** 
  68:..\acn-sdk-c\src\wolfSSL\wolfcrypt\src/wc_port.c ****     return ret;
  69:..\acn-sdk-c\src\wolfSSL\wolfcrypt\src/wc_port.c **** }
  29              		.loc 1 69 0
  30 0000 0020     		mov	r0, #0
  31              		@ sp needed
  32 0002 7047     		bx	lr
  33              		.cfi_endproc
  34              	.LFE0:
  35              		.size	wolfCrypt_Init, .-wolfCrypt_Init
  36              		.section	.text.InitMutex,"ax",%progbits
  37              		.align	1
  38              		.global	InitMutex
  39              		.code	16
  40              		.thumb_func
  41              		.type	InitMutex, %function
  42              	InitMutex:
  43              	.LFB1:
  70:..\acn-sdk-c\src\wolfSSL\wolfcrypt\src/wc_port.c **** 
  71:..\acn-sdk-c\src\wolfSSL\wolfcrypt\src/wc_port.c **** 
ARM GAS  C:\Users\ddemidov\AppData\Local\Temp\ccME9wl9.s 			page 3


  72:..\acn-sdk-c\src\wolfSSL\wolfcrypt\src/wc_port.c **** #if WOLFSSL_CRYPT_HW_MUTEX
  73:..\acn-sdk-c\src\wolfSSL\wolfcrypt\src/wc_port.c **** /* Mutex for protection of cryptography hardware */
  74:..\acn-sdk-c\src\wolfSSL\wolfcrypt\src/wc_port.c **** static wolfSSL_Mutex wcCryptHwMutex;
  75:..\acn-sdk-c\src\wolfSSL\wolfcrypt\src/wc_port.c **** static int wcCryptHwMutexInit = 0;
  76:..\acn-sdk-c\src\wolfSSL\wolfcrypt\src/wc_port.c **** 
  77:..\acn-sdk-c\src\wolfSSL\wolfcrypt\src/wc_port.c **** int wolfSSL_CryptHwMutexInit(void) {
  78:..\acn-sdk-c\src\wolfSSL\wolfcrypt\src/wc_port.c ****     int ret = 0;
  79:..\acn-sdk-c\src\wolfSSL\wolfcrypt\src/wc_port.c ****     if(wcCryptHwMutexInit == 0) {
  80:..\acn-sdk-c\src\wolfSSL\wolfcrypt\src/wc_port.c ****         ret = InitMutex(&wcCryptHwMutex);
  81:..\acn-sdk-c\src\wolfSSL\wolfcrypt\src/wc_port.c ****         if(ret == 0) {
  82:..\acn-sdk-c\src\wolfSSL\wolfcrypt\src/wc_port.c ****             wcCryptHwMutexInit = 1;
  83:..\acn-sdk-c\src\wolfSSL\wolfcrypt\src/wc_port.c ****         }
  84:..\acn-sdk-c\src\wolfSSL\wolfcrypt\src/wc_port.c ****     }
  85:..\acn-sdk-c\src\wolfSSL\wolfcrypt\src/wc_port.c ****     return ret;
  86:..\acn-sdk-c\src\wolfSSL\wolfcrypt\src/wc_port.c **** }
  87:..\acn-sdk-c\src\wolfSSL\wolfcrypt\src/wc_port.c **** 
  88:..\acn-sdk-c\src\wolfSSL\wolfcrypt\src/wc_port.c **** int wolfSSL_CryptHwMutexLock(void) {
  89:..\acn-sdk-c\src\wolfSSL\wolfcrypt\src/wc_port.c ****     int ret = BAD_MUTEX_E;
  90:..\acn-sdk-c\src\wolfSSL\wolfcrypt\src/wc_port.c **** 
  91:..\acn-sdk-c\src\wolfSSL\wolfcrypt\src/wc_port.c ****     /* Make sure HW Mutex has been initialized */
  92:..\acn-sdk-c\src\wolfSSL\wolfcrypt\src/wc_port.c ****     wolfSSL_CryptHwMutexInit();
  93:..\acn-sdk-c\src\wolfSSL\wolfcrypt\src/wc_port.c **** 
  94:..\acn-sdk-c\src\wolfSSL\wolfcrypt\src/wc_port.c ****     if(wcCryptHwMutexInit) {
  95:..\acn-sdk-c\src\wolfSSL\wolfcrypt\src/wc_port.c ****         ret = LockMutex(&wcCryptHwMutex);
  96:..\acn-sdk-c\src\wolfSSL\wolfcrypt\src/wc_port.c ****     }
  97:..\acn-sdk-c\src\wolfSSL\wolfcrypt\src/wc_port.c ****     return ret;
  98:..\acn-sdk-c\src\wolfSSL\wolfcrypt\src/wc_port.c **** }
  99:..\acn-sdk-c\src\wolfSSL\wolfcrypt\src/wc_port.c **** 
 100:..\acn-sdk-c\src\wolfSSL\wolfcrypt\src/wc_port.c **** int wolfSSL_CryptHwMutexUnLock(void) {
 101:..\acn-sdk-c\src\wolfSSL\wolfcrypt\src/wc_port.c ****     int ret = BAD_MUTEX_E;
 102:..\acn-sdk-c\src\wolfSSL\wolfcrypt\src/wc_port.c ****     
 103:..\acn-sdk-c\src\wolfSSL\wolfcrypt\src/wc_port.c ****     if(wcCryptHwMutexInit) {
 104:..\acn-sdk-c\src\wolfSSL\wolfcrypt\src/wc_port.c ****         ret = UnLockMutex(&wcCryptHwMutex);
 105:..\acn-sdk-c\src\wolfSSL\wolfcrypt\src/wc_port.c ****     }
 106:..\acn-sdk-c\src\wolfSSL\wolfcrypt\src/wc_port.c ****     return ret;
 107:..\acn-sdk-c\src\wolfSSL\wolfcrypt\src/wc_port.c **** }
 108:..\acn-sdk-c\src\wolfSSL\wolfcrypt\src/wc_port.c **** #endif /* WOLFSSL_CRYPT_HW_MUTEX */
 109:..\acn-sdk-c\src\wolfSSL\wolfcrypt\src/wc_port.c **** 
 110:..\acn-sdk-c\src\wolfSSL\wolfcrypt\src/wc_port.c **** 
 111:..\acn-sdk-c\src\wolfSSL\wolfcrypt\src/wc_port.c **** #ifdef SINGLE_THREADED
 112:..\acn-sdk-c\src\wolfSSL\wolfcrypt\src/wc_port.c **** 
 113:..\acn-sdk-c\src\wolfSSL\wolfcrypt\src/wc_port.c **** int InitMutex(wolfSSL_Mutex* m)
 114:..\acn-sdk-c\src\wolfSSL\wolfcrypt\src/wc_port.c **** {
  44              		.loc 1 114 0
  45              		.cfi_startproc
  46              	.LVL1:
 115:..\acn-sdk-c\src\wolfSSL\wolfcrypt\src/wc_port.c ****     (void)m;
 116:..\acn-sdk-c\src\wolfSSL\wolfcrypt\src/wc_port.c ****     return 0;
 117:..\acn-sdk-c\src\wolfSSL\wolfcrypt\src/wc_port.c **** }
  47              		.loc 1 117 0
  48 0000 0020     		mov	r0, #0
  49              	.LVL2:
  50              		@ sp needed
  51 0002 7047     		bx	lr
  52              		.cfi_endproc
  53              	.LFE1:
  54              		.size	InitMutex, .-InitMutex
ARM GAS  C:\Users\ddemidov\AppData\Local\Temp\ccME9wl9.s 			page 4


  55              		.section	.text.FreeMutex,"ax",%progbits
  56              		.align	1
  57              		.global	FreeMutex
  58              		.code	16
  59              		.thumb_func
  60              		.type	FreeMutex, %function
  61              	FreeMutex:
  62              	.LFB2:
 118:..\acn-sdk-c\src\wolfSSL\wolfcrypt\src/wc_port.c **** 
 119:..\acn-sdk-c\src\wolfSSL\wolfcrypt\src/wc_port.c **** 
 120:..\acn-sdk-c\src\wolfSSL\wolfcrypt\src/wc_port.c **** int FreeMutex(wolfSSL_Mutex *m)
 121:..\acn-sdk-c\src\wolfSSL\wolfcrypt\src/wc_port.c **** {
  63              		.loc 1 121 0
  64              		.cfi_startproc
  65              	.LVL3:
 122:..\acn-sdk-c\src\wolfSSL\wolfcrypt\src/wc_port.c ****     (void)m;
 123:..\acn-sdk-c\src\wolfSSL\wolfcrypt\src/wc_port.c ****     return 0;
 124:..\acn-sdk-c\src\wolfSSL\wolfcrypt\src/wc_port.c **** }
  66              		.loc 1 124 0
  67 0000 0020     		mov	r0, #0
  68              	.LVL4:
  69              		@ sp needed
  70 0002 7047     		bx	lr
  71              		.cfi_endproc
  72              	.LFE2:
  73              		.size	FreeMutex, .-FreeMutex
  74              		.section	.text.LockMutex,"ax",%progbits
  75              		.align	1
  76              		.global	LockMutex
  77              		.code	16
  78              		.thumb_func
  79              		.type	LockMutex, %function
  80              	LockMutex:
  81              	.LFB3:
 125:..\acn-sdk-c\src\wolfSSL\wolfcrypt\src/wc_port.c **** 
 126:..\acn-sdk-c\src\wolfSSL\wolfcrypt\src/wc_port.c **** 
 127:..\acn-sdk-c\src\wolfSSL\wolfcrypt\src/wc_port.c **** int LockMutex(wolfSSL_Mutex *m)
 128:..\acn-sdk-c\src\wolfSSL\wolfcrypt\src/wc_port.c **** {
  82              		.loc 1 128 0
  83              		.cfi_startproc
  84              	.LVL5:
 129:..\acn-sdk-c\src\wolfSSL\wolfcrypt\src/wc_port.c ****     (void)m;
 130:..\acn-sdk-c\src\wolfSSL\wolfcrypt\src/wc_port.c ****     return 0;
 131:..\acn-sdk-c\src\wolfSSL\wolfcrypt\src/wc_port.c **** }
  85              		.loc 1 131 0
  86 0000 0020     		mov	r0, #0
  87              	.LVL6:
  88              		@ sp needed
  89 0002 7047     		bx	lr
  90              		.cfi_endproc
  91              	.LFE3:
  92              		.size	LockMutex, .-LockMutex
  93              		.section	.text.UnLockMutex,"ax",%progbits
  94              		.align	1
  95              		.global	UnLockMutex
  96              		.code	16
  97              		.thumb_func
ARM GAS  C:\Users\ddemidov\AppData\Local\Temp\ccME9wl9.s 			page 5


  98              		.type	UnLockMutex, %function
  99              	UnLockMutex:
 100              	.LFB4:
 132:..\acn-sdk-c\src\wolfSSL\wolfcrypt\src/wc_port.c **** 
 133:..\acn-sdk-c\src\wolfSSL\wolfcrypt\src/wc_port.c **** 
 134:..\acn-sdk-c\src\wolfSSL\wolfcrypt\src/wc_port.c **** int UnLockMutex(wolfSSL_Mutex *m)
 135:..\acn-sdk-c\src\wolfSSL\wolfcrypt\src/wc_port.c **** {
 101              		.loc 1 135 0
 102              		.cfi_startproc
 103              	.LVL7:
 136:..\acn-sdk-c\src\wolfSSL\wolfcrypt\src/wc_port.c ****     (void)m;
 137:..\acn-sdk-c\src\wolfSSL\wolfcrypt\src/wc_port.c ****     return 0;
 138:..\acn-sdk-c\src\wolfSSL\wolfcrypt\src/wc_port.c **** }
 104              		.loc 1 138 0
 105 0000 0020     		mov	r0, #0
 106              	.LVL8:
 107              		@ sp needed
 108 0002 7047     		bx	lr
 109              		.cfi_endproc
 110              	.LFE4:
 111              		.size	UnLockMutex, .-UnLockMutex
 112              		.text
 113              	.Letext0:
 114              		.file 2 "..\\acn-sdk-c\\src\\wolfSSL/wolfssl/wolfcrypt/wc_port.h"
 115              		.section	.debug_info,"",%progbits
 116              	.Ldebug_info0:
 117 0000 45010000 		.4byte	0x145
 118 0004 0400     		.2byte	0x4
 119 0006 00000000 		.4byte	.Ldebug_abbrev0
 120 000a 04       		.byte	0x4
 121 000b 01       		.uleb128 0x1
 122 000c 3F000000 		.4byte	.LASF15
 123 0010 01       		.byte	0x1
 124 0011 DF000000 		.4byte	.LASF16
 125 0015 31010000 		.4byte	.LASF17
 126 0019 00000000 		.4byte	.Ldebug_ranges0+0
 127 001d 00000000 		.4byte	0
 128 0021 00000000 		.4byte	.Ldebug_line0
 129 0025 02       		.uleb128 0x2
 130 0026 CA010000 		.4byte	.LASF18
 131 002a 02       		.byte	0x2
 132 002b 56       		.byte	0x56
 133 002c 30000000 		.4byte	0x30
 134 0030 03       		.uleb128 0x3
 135 0031 04       		.byte	0x4
 136 0032 05       		.byte	0x5
 137 0033 696E7400 		.ascii	"int\000"
 138 0037 04       		.uleb128 0x4
 139 0038 01       		.byte	0x1
 140 0039 08       		.byte	0x8
 141 003a 27000000 		.4byte	.LASF0
 142 003e 04       		.uleb128 0x4
 143 003f 02       		.byte	0x2
 144 0040 07       		.byte	0x7
 145 0041 94010000 		.4byte	.LASF1
 146 0045 04       		.uleb128 0x4
 147 0046 04       		.byte	0x4
ARM GAS  C:\Users\ddemidov\AppData\Local\Temp\ccME9wl9.s 			page 6


 148 0047 07       		.byte	0x7
 149 0048 BD010000 		.4byte	.LASF2
 150 004c 04       		.uleb128 0x4
 151 004d 08       		.byte	0x8
 152 004e 07       		.byte	0x7
 153 004f 10010000 		.4byte	.LASF3
 154 0053 04       		.uleb128 0x4
 155 0054 01       		.byte	0x1
 156 0055 06       		.byte	0x6
 157 0056 A7010000 		.4byte	.LASF4
 158 005a 04       		.uleb128 0x4
 159 005b 02       		.byte	0x2
 160 005c 05       		.byte	0x5
 161 005d B3010000 		.4byte	.LASF5
 162 0061 04       		.uleb128 0x4
 163 0062 04       		.byte	0x4
 164 0063 05       		.byte	0x5
 165 0064 8B010000 		.4byte	.LASF6
 166 0068 04       		.uleb128 0x4
 167 0069 04       		.byte	0x4
 168 006a 07       		.byte	0x7
 169 006b CD000000 		.4byte	.LASF7
 170 006f 04       		.uleb128 0x4
 171 0070 08       		.byte	0x8
 172 0071 05       		.byte	0x5
 173 0072 00000000 		.4byte	.LASF8
 174 0076 04       		.uleb128 0x4
 175 0077 04       		.byte	0x4
 176 0078 07       		.byte	0x7
 177 0079 D8010000 		.4byte	.LASF9
 178 007d 04       		.uleb128 0x4
 179 007e 01       		.byte	0x1
 180 007f 08       		.byte	0x8
 181 0080 7A010000 		.4byte	.LASF10
 182 0084 05       		.uleb128 0x5
 183 0085 0E000000 		.4byte	.LASF11
 184 0089 01       		.byte	0x1
 185 008a 2F       		.byte	0x2f
 186 008b 30000000 		.4byte	0x30
 187 008f 00000000 		.4byte	.LFB0
 188 0093 04000000 		.4byte	.LFE0-.LFB0
 189 0097 01       		.uleb128 0x1
 190 0098 9C       		.byte	0x9c
 191 0099 AA000000 		.4byte	0xaa
 192 009d 06       		.uleb128 0x6
 193 009e 72657400 		.ascii	"ret\000"
 194 00a2 01       		.byte	0x1
 195 00a3 31       		.byte	0x31
 196 00a4 30000000 		.4byte	0x30
 197 00a8 00       		.byte	0
 198 00a9 00       		.byte	0
 199 00aa 05       		.uleb128 0x5
 200 00ab 35000000 		.4byte	.LASF12
 201 00af 01       		.byte	0x1
 202 00b0 71       		.byte	0x71
 203 00b1 30000000 		.4byte	0x30
 204 00b5 00000000 		.4byte	.LFB1
ARM GAS  C:\Users\ddemidov\AppData\Local\Temp\ccME9wl9.s 			page 7


 205 00b9 04000000 		.4byte	.LFE1-.LFB1
 206 00bd 01       		.uleb128 0x1
 207 00be 9C       		.byte	0x9c
 208 00bf D1000000 		.4byte	0xd1
 209 00c3 07       		.uleb128 0x7
 210 00c4 6D00     		.ascii	"m\000"
 211 00c6 01       		.byte	0x1
 212 00c7 71       		.byte	0x71
 213 00c8 D1000000 		.4byte	0xd1
 214 00cc 00000000 		.4byte	.LLST0
 215 00d0 00       		.byte	0
 216 00d1 08       		.uleb128 0x8
 217 00d2 04       		.byte	0x4
 218 00d3 25000000 		.4byte	0x25
 219 00d7 05       		.uleb128 0x5
 220 00d8 27010000 		.4byte	.LASF13
 221 00dc 01       		.byte	0x1
 222 00dd 78       		.byte	0x78
 223 00de 30000000 		.4byte	0x30
 224 00e2 00000000 		.4byte	.LFB2
 225 00e6 04000000 		.4byte	.LFE2-.LFB2
 226 00ea 01       		.uleb128 0x1
 227 00eb 9C       		.byte	0x9c
 228 00ec FE000000 		.4byte	0xfe
 229 00f0 07       		.uleb128 0x7
 230 00f1 6D00     		.ascii	"m\000"
 231 00f3 01       		.byte	0x1
 232 00f4 78       		.byte	0x78
 233 00f5 D1000000 		.4byte	0xd1
 234 00f9 21000000 		.4byte	.LLST1
 235 00fd 00       		.byte	0
 236 00fe 05       		.uleb128 0x5
 237 00ff 1D000000 		.4byte	.LASF14
 238 0103 01       		.byte	0x1
 239 0104 7F       		.byte	0x7f
 240 0105 30000000 		.4byte	0x30
 241 0109 00000000 		.4byte	.LFB3
 242 010d 04000000 		.4byte	.LFE3-.LFB3
 243 0111 01       		.uleb128 0x1
 244 0112 9C       		.byte	0x9c
 245 0113 25010000 		.4byte	0x125
 246 0117 07       		.uleb128 0x7
 247 0118 6D00     		.ascii	"m\000"
 248 011a 01       		.byte	0x1
 249 011b 7F       		.byte	0x7f
 250 011c D1000000 		.4byte	0xd1
 251 0120 42000000 		.4byte	.LLST2
 252 0124 00       		.byte	0
 253 0125 09       		.uleb128 0x9
 254 0126 7F010000 		.4byte	.LASF19
 255 012a 01       		.byte	0x1
 256 012b 86       		.byte	0x86
 257 012c 30000000 		.4byte	0x30
 258 0130 00000000 		.4byte	.LFB4
 259 0134 04000000 		.4byte	.LFE4-.LFB4
 260 0138 01       		.uleb128 0x1
 261 0139 9C       		.byte	0x9c
ARM GAS  C:\Users\ddemidov\AppData\Local\Temp\ccME9wl9.s 			page 8


 262 013a 07       		.uleb128 0x7
 263 013b 6D00     		.ascii	"m\000"
 264 013d 01       		.byte	0x1
 265 013e 86       		.byte	0x86
 266 013f D1000000 		.4byte	0xd1
 267 0143 63000000 		.4byte	.LLST3
 268 0147 00       		.byte	0
 269 0148 00       		.byte	0
 270              		.section	.debug_abbrev,"",%progbits
 271              	.Ldebug_abbrev0:
 272 0000 01       		.uleb128 0x1
 273 0001 11       		.uleb128 0x11
 274 0002 01       		.byte	0x1
 275 0003 25       		.uleb128 0x25
 276 0004 0E       		.uleb128 0xe
 277 0005 13       		.uleb128 0x13
 278 0006 0B       		.uleb128 0xb
 279 0007 03       		.uleb128 0x3
 280 0008 0E       		.uleb128 0xe
 281 0009 1B       		.uleb128 0x1b
 282 000a 0E       		.uleb128 0xe
 283 000b 55       		.uleb128 0x55
 284 000c 17       		.uleb128 0x17
 285 000d 11       		.uleb128 0x11
 286 000e 01       		.uleb128 0x1
 287 000f 10       		.uleb128 0x10
 288 0010 17       		.uleb128 0x17
 289 0011 00       		.byte	0
 290 0012 00       		.byte	0
 291 0013 02       		.uleb128 0x2
 292 0014 16       		.uleb128 0x16
 293 0015 00       		.byte	0
 294 0016 03       		.uleb128 0x3
 295 0017 0E       		.uleb128 0xe
 296 0018 3A       		.uleb128 0x3a
 297 0019 0B       		.uleb128 0xb
 298 001a 3B       		.uleb128 0x3b
 299 001b 0B       		.uleb128 0xb
 300 001c 49       		.uleb128 0x49
 301 001d 13       		.uleb128 0x13
 302 001e 00       		.byte	0
 303 001f 00       		.byte	0
 304 0020 03       		.uleb128 0x3
 305 0021 24       		.uleb128 0x24
 306 0022 00       		.byte	0
 307 0023 0B       		.uleb128 0xb
 308 0024 0B       		.uleb128 0xb
 309 0025 3E       		.uleb128 0x3e
 310 0026 0B       		.uleb128 0xb
 311 0027 03       		.uleb128 0x3
 312 0028 08       		.uleb128 0x8
 313 0029 00       		.byte	0
 314 002a 00       		.byte	0
 315 002b 04       		.uleb128 0x4
 316 002c 24       		.uleb128 0x24
 317 002d 00       		.byte	0
 318 002e 0B       		.uleb128 0xb
ARM GAS  C:\Users\ddemidov\AppData\Local\Temp\ccME9wl9.s 			page 9


 319 002f 0B       		.uleb128 0xb
 320 0030 3E       		.uleb128 0x3e
 321 0031 0B       		.uleb128 0xb
 322 0032 03       		.uleb128 0x3
 323 0033 0E       		.uleb128 0xe
 324 0034 00       		.byte	0
 325 0035 00       		.byte	0
 326 0036 05       		.uleb128 0x5
 327 0037 2E       		.uleb128 0x2e
 328 0038 01       		.byte	0x1
 329 0039 3F       		.uleb128 0x3f
 330 003a 19       		.uleb128 0x19
 331 003b 03       		.uleb128 0x3
 332 003c 0E       		.uleb128 0xe
 333 003d 3A       		.uleb128 0x3a
 334 003e 0B       		.uleb128 0xb
 335 003f 3B       		.uleb128 0x3b
 336 0040 0B       		.uleb128 0xb
 337 0041 27       		.uleb128 0x27
 338 0042 19       		.uleb128 0x19
 339 0043 49       		.uleb128 0x49
 340 0044 13       		.uleb128 0x13
 341 0045 11       		.uleb128 0x11
 342 0046 01       		.uleb128 0x1
 343 0047 12       		.uleb128 0x12
 344 0048 06       		.uleb128 0x6
 345 0049 40       		.uleb128 0x40
 346 004a 18       		.uleb128 0x18
 347 004b 9742     		.uleb128 0x2117
 348 004d 19       		.uleb128 0x19
 349 004e 01       		.uleb128 0x1
 350 004f 13       		.uleb128 0x13
 351 0050 00       		.byte	0
 352 0051 00       		.byte	0
 353 0052 06       		.uleb128 0x6
 354 0053 34       		.uleb128 0x34
 355 0054 00       		.byte	0
 356 0055 03       		.uleb128 0x3
 357 0056 08       		.uleb128 0x8
 358 0057 3A       		.uleb128 0x3a
 359 0058 0B       		.uleb128 0xb
 360 0059 3B       		.uleb128 0x3b
 361 005a 0B       		.uleb128 0xb
 362 005b 49       		.uleb128 0x49
 363 005c 13       		.uleb128 0x13
 364 005d 1C       		.uleb128 0x1c
 365 005e 0B       		.uleb128 0xb
 366 005f 00       		.byte	0
 367 0060 00       		.byte	0
 368 0061 07       		.uleb128 0x7
 369 0062 05       		.uleb128 0x5
 370 0063 00       		.byte	0
 371 0064 03       		.uleb128 0x3
 372 0065 08       		.uleb128 0x8
 373 0066 3A       		.uleb128 0x3a
 374 0067 0B       		.uleb128 0xb
 375 0068 3B       		.uleb128 0x3b
ARM GAS  C:\Users\ddemidov\AppData\Local\Temp\ccME9wl9.s 			page 10


 376 0069 0B       		.uleb128 0xb
 377 006a 49       		.uleb128 0x49
 378 006b 13       		.uleb128 0x13
 379 006c 02       		.uleb128 0x2
 380 006d 17       		.uleb128 0x17
 381 006e 00       		.byte	0
 382 006f 00       		.byte	0
 383 0070 08       		.uleb128 0x8
 384 0071 0F       		.uleb128 0xf
 385 0072 00       		.byte	0
 386 0073 0B       		.uleb128 0xb
 387 0074 0B       		.uleb128 0xb
 388 0075 49       		.uleb128 0x49
 389 0076 13       		.uleb128 0x13
 390 0077 00       		.byte	0
 391 0078 00       		.byte	0
 392 0079 09       		.uleb128 0x9
 393 007a 2E       		.uleb128 0x2e
 394 007b 01       		.byte	0x1
 395 007c 3F       		.uleb128 0x3f
 396 007d 19       		.uleb128 0x19
 397 007e 03       		.uleb128 0x3
 398 007f 0E       		.uleb128 0xe
 399 0080 3A       		.uleb128 0x3a
 400 0081 0B       		.uleb128 0xb
 401 0082 3B       		.uleb128 0x3b
 402 0083 0B       		.uleb128 0xb
 403 0084 27       		.uleb128 0x27
 404 0085 19       		.uleb128 0x19
 405 0086 49       		.uleb128 0x49
 406 0087 13       		.uleb128 0x13
 407 0088 11       		.uleb128 0x11
 408 0089 01       		.uleb128 0x1
 409 008a 12       		.uleb128 0x12
 410 008b 06       		.uleb128 0x6
 411 008c 40       		.uleb128 0x40
 412 008d 18       		.uleb128 0x18
 413 008e 9742     		.uleb128 0x2117
 414 0090 19       		.uleb128 0x19
 415 0091 00       		.byte	0
 416 0092 00       		.byte	0
 417 0093 00       		.byte	0
 418              		.section	.debug_loc,"",%progbits
 419              	.Ldebug_loc0:
 420              	.LLST0:
 421 0000 00000000 		.4byte	.LVL1
 422 0004 02000000 		.4byte	.LVL2
 423 0008 0100     		.2byte	0x1
 424 000a 50       		.byte	0x50
 425 000b 02000000 		.4byte	.LVL2
 426 000f 04000000 		.4byte	.LFE1
 427 0013 0400     		.2byte	0x4
 428 0015 F3       		.byte	0xf3
 429 0016 01       		.uleb128 0x1
 430 0017 50       		.byte	0x50
 431 0018 9F       		.byte	0x9f
 432 0019 00000000 		.4byte	0
ARM GAS  C:\Users\ddemidov\AppData\Local\Temp\ccME9wl9.s 			page 11


 433 001d 00000000 		.4byte	0
 434              	.LLST1:
 435 0021 00000000 		.4byte	.LVL3
 436 0025 02000000 		.4byte	.LVL4
 437 0029 0100     		.2byte	0x1
 438 002b 50       		.byte	0x50
 439 002c 02000000 		.4byte	.LVL4
 440 0030 04000000 		.4byte	.LFE2
 441 0034 0400     		.2byte	0x4
 442 0036 F3       		.byte	0xf3
 443 0037 01       		.uleb128 0x1
 444 0038 50       		.byte	0x50
 445 0039 9F       		.byte	0x9f
 446 003a 00000000 		.4byte	0
 447 003e 00000000 		.4byte	0
 448              	.LLST2:
 449 0042 00000000 		.4byte	.LVL5
 450 0046 02000000 		.4byte	.LVL6
 451 004a 0100     		.2byte	0x1
 452 004c 50       		.byte	0x50
 453 004d 02000000 		.4byte	.LVL6
 454 0051 04000000 		.4byte	.LFE3
 455 0055 0400     		.2byte	0x4
 456 0057 F3       		.byte	0xf3
 457 0058 01       		.uleb128 0x1
 458 0059 50       		.byte	0x50
 459 005a 9F       		.byte	0x9f
 460 005b 00000000 		.4byte	0
 461 005f 00000000 		.4byte	0
 462              	.LLST3:
 463 0063 00000000 		.4byte	.LVL7
 464 0067 02000000 		.4byte	.LVL8
 465 006b 0100     		.2byte	0x1
 466 006d 50       		.byte	0x50
 467 006e 02000000 		.4byte	.LVL8
 468 0072 04000000 		.4byte	.LFE4
 469 0076 0400     		.2byte	0x4
 470 0078 F3       		.byte	0xf3
 471 0079 01       		.uleb128 0x1
 472 007a 50       		.byte	0x50
 473 007b 9F       		.byte	0x9f
 474 007c 00000000 		.4byte	0
 475 0080 00000000 		.4byte	0
 476              		.section	.debug_aranges,"",%progbits
 477 0000 3C000000 		.4byte	0x3c
 478 0004 0200     		.2byte	0x2
 479 0006 00000000 		.4byte	.Ldebug_info0
 480 000a 04       		.byte	0x4
 481 000b 00       		.byte	0
 482 000c 0000     		.2byte	0
 483 000e 0000     		.2byte	0
 484 0010 00000000 		.4byte	.LFB0
 485 0014 04000000 		.4byte	.LFE0-.LFB0
 486 0018 00000000 		.4byte	.LFB1
 487 001c 04000000 		.4byte	.LFE1-.LFB1
 488 0020 00000000 		.4byte	.LFB2
 489 0024 04000000 		.4byte	.LFE2-.LFB2
ARM GAS  C:\Users\ddemidov\AppData\Local\Temp\ccME9wl9.s 			page 12


 490 0028 00000000 		.4byte	.LFB3
 491 002c 04000000 		.4byte	.LFE3-.LFB3
 492 0030 00000000 		.4byte	.LFB4
 493 0034 04000000 		.4byte	.LFE4-.LFB4
 494 0038 00000000 		.4byte	0
 495 003c 00000000 		.4byte	0
 496              		.section	.debug_ranges,"",%progbits
 497              	.Ldebug_ranges0:
 498 0000 00000000 		.4byte	.LFB0
 499 0004 04000000 		.4byte	.LFE0
 500 0008 00000000 		.4byte	.LFB1
 501 000c 04000000 		.4byte	.LFE1
 502 0010 00000000 		.4byte	.LFB2
 503 0014 04000000 		.4byte	.LFE2
 504 0018 00000000 		.4byte	.LFB3
 505 001c 04000000 		.4byte	.LFE3
 506 0020 00000000 		.4byte	.LFB4
 507 0024 04000000 		.4byte	.LFE4
 508 0028 00000000 		.4byte	0
 509 002c 00000000 		.4byte	0
 510              		.section	.debug_line,"",%progbits
 511              	.Ldebug_line0:
 512 0000 DB000000 		.section	.debug_str,"MS",%progbits,1
 512      02007F00 
 512      00000201 
 512      FB0E0D00 
 512      01010101 
 513              	.LASF8:
 514 0000 6C6F6E67 		.ascii	"long long int\000"
 514      206C6F6E 
 514      6720696E 
 514      7400
 515              	.LASF11:
 516 000e 776F6C66 		.ascii	"wolfCrypt_Init\000"
 516      43727970 
 516      745F496E 
 516      697400
 517              	.LASF14:
 518 001d 4C6F636B 		.ascii	"LockMutex\000"
 518      4D757465 
 518      7800
 519              	.LASF0:
 520 0027 756E7369 		.ascii	"unsigned char\000"
 520      676E6564 
 520      20636861 
 520      7200
 521              	.LASF12:
 522 0035 496E6974 		.ascii	"InitMutex\000"
 522      4D757465 
 522      7800
 523              	.LASF15:
 524 003f 474E5520 		.ascii	"GNU C 4.9.3 20150303 (release) [ARM/embedded-4_9-br"
 524      4320342E 
 524      392E3320 
 524      32303135 
 524      30333033 
 525 0072 616E6368 		.ascii	"anch revision 221220] -mcpu=cortex-m0 -mthumb -g -O"
ARM GAS  C:\Users\ddemidov\AppData\Local\Temp\ccME9wl9.s 			page 13


 525      20726576 
 525      6973696F 
 525      6E203232 
 525      31323230 
 526 00a5 73202D66 		.ascii	"s -ffunction-sections -ffat-lto-objects\000"
 526      66756E63 
 526      74696F6E 
 526      2D736563 
 526      74696F6E 
 527              	.LASF7:
 528 00cd 6C6F6E67 		.ascii	"long unsigned int\000"
 528      20756E73 
 528      69676E65 
 528      6420696E 
 528      7400
 529              	.LASF16:
 530 00df 2E2E5C61 		.ascii	"..\\acn-sdk-c\\src\\wolfSSL\\wolfcrypt\\src\\wc_por"
 530      636E2D73 
 530      646B2D63 
 530      5C737263 
 530      5C776F6C 
 531 010c 742E6300 		.ascii	"t.c\000"
 532              	.LASF3:
 533 0110 6C6F6E67 		.ascii	"long long unsigned int\000"
 533      206C6F6E 
 533      6720756E 
 533      7369676E 
 533      65642069 
 534              	.LASF13:
 535 0127 46726565 		.ascii	"FreeMutex\000"
 535      4D757465 
 535      7800
 536              	.LASF17:
 537 0131 433A5C55 		.ascii	"C:\\Users\\ddemidov\\Documents\\PSoC Creator\\BLE_F"
 537      73657273 
 537      5C646465 
 537      6D69646F 
 537      765C446F 
 538 015f 696E644D 		.ascii	"indMe01\\SenseAbility.cydsn\000"
 538      6530315C 
 538      53656E73 
 538      65416269 
 538      6C697479 
 539              	.LASF10:
 540 017a 63686172 		.ascii	"char\000"
 540      00
 541              	.LASF19:
 542 017f 556E4C6F 		.ascii	"UnLockMutex\000"
 542      636B4D75 
 542      74657800 
 543              	.LASF6:
 544 018b 6C6F6E67 		.ascii	"long int\000"
 544      20696E74 
 544      00
 545              	.LASF1:
 546 0194 73686F72 		.ascii	"short unsigned int\000"
 546      7420756E 
ARM GAS  C:\Users\ddemidov\AppData\Local\Temp\ccME9wl9.s 			page 14


 546      7369676E 
 546      65642069 
 546      6E7400
 547              	.LASF4:
 548 01a7 7369676E 		.ascii	"signed char\000"
 548      65642063 
 548      68617200 
 549              	.LASF5:
 550 01b3 73686F72 		.ascii	"short int\000"
 550      7420696E 
 550      7400
 551              	.LASF2:
 552 01bd 756E7369 		.ascii	"unsigned int\000"
 552      676E6564 
 552      20696E74 
 552      00
 553              	.LASF18:
 554 01ca 776F6C66 		.ascii	"wolfSSL_Mutex\000"
 554      53534C5F 
 554      4D757465 
 554      7800
 555              	.LASF9:
 556 01d8 73697A65 		.ascii	"sizetype\000"
 556      74797065 
 556      00
 557              		.ident	"GCC: (GNU Tools for ARM Embedded Processors) 4.9.3 20150303 (release) [ARM/embedded-4_9-br
